Archive member included to satisfy reference by file (symbol)

C:\Users\isisk\.platformio\260602-093213-zephyr-blink\.pio\build\frdm_kl25z\zephyr/libzephyr.a(cbprintf.c.o)
                              (--whole-archive)
C:\Users\isisk\.platformio\260602-093213-zephyr-blink\.pio\build\frdm_kl25z\zephyr/libzephyr.a(cbprintf_packaged.c.o)
                              (--whole-archive)
C:\Users\isisk\.platformio\260602-093213-zephyr-blink\.pio\build\frdm_kl25z\zephyr/libzephyr.a(crc32c_sw.c.o)
                              (--whole-archive)
C:\Users\isisk\.platformio\260602-093213-zephyr-blink\.pio\build\frdm_kl25z\zephyr/libzephyr.a(crc32_sw.c.o)
                              (--whole-archive)
C:\Users\isisk\.platformio\260602-093213-zephyr-blink\.pio\build\frdm_kl25z\zephyr/libzephyr.a(crc16_sw.c.o)
                              (--whole-archive)
C:\Users\isisk\.platformio\260602-093213-zephyr-blink\.pio\build\frdm_kl25z\zephyr/libzephyr.a(crc8_sw.c.o)
                              (--whole-archive)
C:\Users\isisk\.platformio\260602-093213-zephyr-blink\.pio\build\frdm_kl25z\zephyr/libzephyr.a(crc7_sw.c.o)
                              (--whole-archive)
C:\Users\isisk\.platformio\260602-093213-zephyr-blink\.pio\build\frdm_kl25z\zephyr/libzephyr.a(dec.c.o)
                              (--whole-archive)
C:\Users\isisk\.platformio\260602-093213-zephyr-blink\.pio\build\frdm_kl25z\zephyr/libzephyr.a(fdtable.c.o)
                              (--whole-archive)
C:\Users\isisk\.platformio\260602-093213-zephyr-blink\.pio\build\frdm_kl25z\zephyr/libzephyr.a(hex.c.o)
                              (--whole-archive)
C:\Users\isisk\.platformio\260602-093213-zephyr-blink\.pio\build\frdm_kl25z\zephyr/libzephyr.a(notify.c.o)
                              (--whole-archive)
C:\Users\isisk\.platformio\260602-093213-zephyr-blink\.pio\build\frdm_kl25z\zephyr/libzephyr.a(printk.c.o)
                              (--whole-archive)
C:\Users\isisk\.platformio\260602-093213-zephyr-blink\.pio\build\frdm_kl25z\zephyr/libzephyr.a(onoff.c.o)
                              (--whole-archive)
C:\Users\isisk\.platformio\260602-093213-zephyr-blink\.pio\build\frdm_kl25z\zephyr/libzephyr.a(rb.c.o)
                              (--whole-archive)
C:\Users\isisk\.platformio\260602-093213-zephyr-blink\.pio\build\frdm_kl25z\zephyr/libzephyr.a(sem.c.o)
                              (--whole-archive)
C:\Users\isisk\.platformio\260602-093213-zephyr-blink\.pio\build\frdm_kl25z\zephyr/libzephyr.a(thread_entry.c.o)
                              (--whole-archive)
C:\Users\isisk\.platformio\260602-093213-zephyr-blink\.pio\build\frdm_kl25z\zephyr/libzephyr.a(timeutil.c.o)
                              (--whole-archive)
C:\Users\isisk\.platformio\260602-093213-zephyr-blink\.pio\build\frdm_kl25z\zephyr/libzephyr.a(heap.c.o)
                              (--whole-archive)
C:\Users\isisk\.platformio\260602-093213-zephyr-blink\.pio\build\frdm_kl25z\zephyr/libzephyr.a(heap-validate.c.o)
                              (--whole-archive)
C:\Users\isisk\.platformio\260602-093213-zephyr-blink\.pio\build\frdm_kl25z\zephyr/libzephyr.a(bitarray.c.o)
                              (--whole-archive)
C:\Users\isisk\.platformio\260602-093213-zephyr-blink\.pio\build\frdm_kl25z\zephyr/libzephyr.a(cbprintf_complete.c.o)
                              (--whole-archive)
C:\Users\isisk\.platformio\260602-093213-zephyr-blink\.pio\build\frdm_kl25z\zephyr/libzephyr.a(configs.c.o)
                              (--whole-archive)
C:\Users\isisk\.platformio\260602-093213-zephyr-blink\.pio\build\frdm_kl25z\zephyr/libzephyr.a(flash_configuration.c.o)
                              (--whole-archive)
C:\Users\isisk\.platformio\260602-093213-zephyr-blink\.pio\build\frdm_kl25z\zephyr/libzephyr.a(soc.c.o)
                              (--whole-archive)
C:\Users\isisk\.platformio\260602-093213-zephyr-blink\.pio\build\frdm_kl25z\zephyr/libzephyr.a(tracing_none.c.o)
                              (--whole-archive)
C:\Users\isisk\.platformio\260602-093213-zephyr-blink\.pio\build\frdm_kl25z\zephyr/libzephyr.a(pinmux_mcux.c.o)
                              (--whole-archive)
C:\Users\isisk\.platformio\260602-093213-zephyr-blink\.pio\build\frdm_kl25z\zephyr/arch/common/libarch__common.a(sw_isr_common.c.o)
                              (--whole-archive)
C:\Users\isisk\.platformio\260602-093213-zephyr-blink\.pio\build\frdm_kl25z\zephyr/arch/arch/arm/core/aarch32/libarch__arm__core__aarch32.a(cpu_idle.S.o)
                              (--whole-archive)
C:\Users\isisk\.platformio\260602-093213-zephyr-blink\.pio\build\frdm_kl25z\zephyr/arch/arch/arm/core/aarch32/libarch__arm__core__aarch32.a(fatal.c.o)
                              (--whole-archive)
C:\Users\isisk\.platformio\260602-093213-zephyr-blink\.pio\build\frdm_kl25z\zephyr/arch/arch/arm/core/aarch32/libarch__arm__core__aarch32.a(irq_manage.c.o)
                              (--whole-archive)
[...]
Memory Configuration

Name             Origin             Length             Attributes
FLASH            0x0000000000000000 0x0000000000020000 xr
SRAM             0x000000001ffff000 0x0000000000004000 xw
IDT_LIST         0x00000000fffff7ff 0x0000000000000800 xw
*default*        0x0000000000000000 0xffffffffffffffff

Linker script and memory map

LOAD .pio\build\frdm_kl25z\zephyr_prebuilt\zephyr\misc\empty_file.c.o
LOAD .pio\build\frdm_kl25z\src\main.o
LOAD .pio\build\frdm_kl25z\zephyr_final\zephyr\misc\empty_file.c.o
LOAD .pio\build\frdm_kl25z\zephyr_final\zephyr\isr_tables.c.o
LOAD .pio\build\frdm_kl25z\zephyr_final\zephyr\dev_handles.c.o
LOAD C:\Users\isisk\.platformio\260602-093213-zephyr-blink\.pio\build\frdm_kl25z\zephyr/libzephyr.a
LOAD C:\Users\isisk\.platformio\260602-093213-zephyr-blink\.pio\build\frdm_kl25z\zephyr/arch/common/libarch__common.a
LOAD C:\Users\isisk\.platformio\260602-093213-zephyr-blink\.pio\build\frdm_kl25z\zephyr/arch/arch/arm/core/aarch32/libarch__arm__core__aarch32.a
LOAD C:\Users\isisk\.platformio\260602-093213-zephyr-blink\.pio\build\frdm_kl25z\zephyr/arch/arch/arm/core/aarch32/cortex_m/libarch__arm__core__aarch32__cortex_m.a
LOAD C:\Users\isisk\.platformio\260602-093213-zephyr-blink\.pio\build\frdm_kl25z\zephyr/lib/libc/minimal/liblib__libc__minimal.a
LOAD C:\Users\isisk\.platformio\260602-093213-zephyr-blink\.pio\build\frdm_kl25z\zephyr/lib/posix/liblib__posix.a
LOAD C:\Users\isisk\.platformio\260602-093213-zephyr-blink\.pio\build\frdm_kl25z\zephyr/boards/arm/frdm_kl25z/libboards__arm__frdm_kl25z.a
LOAD C:\Users\isisk\.platformio\260602-093213-zephyr-blink\.pio\build\frdm_kl25z\zephyr/drivers/clock_control/libdrivers__clock_control.a
LOAD C:\Users\isisk\.platformio\260602-093213-zephyr-blink\.pio\build\frdm_kl25z\zephyr/drivers/gpio/libdrivers__gpio.a
LOAD C:\Users\isisk\.platformio\260602-093213-zephyr-blink\.pio\build\frdm_kl25z\zephyr/drivers/timer/libdrivers__timer.a
LOAD C:\Users\isisk\.platformio\260602-093213-zephyr-blink\.pio\build\frdm_kl25z\modules/_bare_module/lib_pio___bare_module.a
LOAD C:\Users\isisk\.platformio\260602-093213-zephyr-blink\.pio\build\frdm_kl25z\modules/hal_nxp/hal_nxp/lib_pio__modules__hal__nxp.a
LOAD C:\Users\isisk\.platformio\260602-093213-zephyr-blink\.pio\build\frdm_kl25z\zephyr\liboffsets.a
LOAD C:\Users\isisk\.platformio\260602-093213-zephyr-blink\.pio\build\frdm_kl25z\zephyr/kernel/libkernel.a
LOAD C:\Users\isisk\.platformio\260602-093213-zephyr-blink\.pio\build\frdm_kl25z\zephyr/arch/common/libisr_tables.a
LOAD C:\Users\isisk\.platformio\packages\toolchain-gccarmnoneeabi@1.80201.181220\lib\gcc\arm-none-eabi\8.2.1\thumb\v6-m\nofp\libgcc.a
                0x0000000000000004                _region_min_align = 0x4

.rel.plt        0x0000000000000000        0x0
 *(SORT_BY_ALIGNMENT(.rel.plt))
                [!provide]                        PROVIDE (__rel_iplt_start = .)
 *(SORT_BY_ALIGNMENT(.rel.iplt))
 .rel.iplt      0x0000000000000000        0x0 .pio\build\frdm_kl25z\src\main.o
                [!provide]                        PROVIDE (__rel_iplt_end = .)

.rela.plt       0x0000000000000000        0x0
 *(SORT_BY_ALIGNMENT(.rela.plt))
                [!provide]                        PROVIDE (__rela_iplt_start = .)
 *(SORT_BY_ALIGNMENT(.rela.iplt))
                [!provide]                        PROVIDE (__rela_iplt_end = .)

.rel.dyn
 *(SORT_BY_ALIGNMENT(.rel.*))

.rela.dyn
 *(SORT_BY_ALIGNMENT(.rela.*))

/DISCARD/
 *(SORT_BY_ALIGNMENT(.plt))
 *(SORT_BY_ALIGNMENT(.iplt))
 *(SORT_BY_ALIGNMENT(.got.plt))
 *(SORT_BY_ALIGNMENT(.igot.plt))
 *(SORT_BY_ALIGNMENT(.got))
 *(SORT_BY_ALIGNMENT(.igot))
 *(SORT_BY_ALIGNMENT(.irq_info*))
 *(SORT_BY_ALIGNMENT(.intList*))
 *(SORT_BY_ALIGNMENT(.note.GNU-stack))
                0x0000000000000000                __rom_region_start = 0x0

rom_start       0x0000000000000000      0x410
                0x0000000000000000                . = 0x0
                0x0000000000000000                . = ALIGN (0x4)
                0x0000000000000000                _vector_start = .
 *(SORT_BY_ALIGNMENT(.exc_vector_table))
 *(SORT_BY_ALIGNMENT(.exc_vector_table.*))
 .exc_vector_table._vector_table_section
                0x0000000000000000       0x40 C:\Users\isisk\.platformio\260602-093213-zephyr-blink\.pio\build\frdm_kl25z\zephyr/arch/arch/arm/core/aarch32/cortex_m/libarch__arm__core__aarch32__cortex_m.a(vector_table.S.o)
                0x0000000000000000                _vector_table
 *(SORT_BY_ALIGNMENT(.gnu.linkonce.irq_vector_table*))
 .gnu.linkonce.irq_vector_table
                0x0000000000000040       0x80 .pio\build\frdm_kl25z\zephyr_final\zephyr\isr_tables.c.o
                0x0000000000000040                _irq_vector_table
 *(SORT_BY_ALIGNMENT(.vectors))
                0x00000000000000c0                _vector_end = .
                0x0000000000000400                . = 0x400
 *fill*         0x00000000000000c0      0x340 
 *(SORT_BY_ALIGNMENT(.kinetis_flash_config))
 *(SORT_BY_ALIGNMENT(.kinetis_flash_config.*))
 .kinetis_flash_config."ZEPHYR_BASE\\soc\\arm\\nxp_kinetis\\flash_configuration.c".0
                0x0000000000000400       0x10 C:\Users\isisk\.platformio\260602-093213-zephyr-blink\.pio\build\frdm_kl25z\zephyr/libzephyr.a(flash_configuration.c.o)
                0x0000000000000400                __kinetis_flash_config

text            0x0000000000000410     0x1970
                0x0000000000000410                __text_region_start = .
 *(SORT_BY_ALIGNMENT(.text))
 .text          0x0000000000000410       0x14 C:\Users\isisk\.platformio\packages\toolchain-gccarmnoneeabi@1.80201.181220\lib\gcc\arm-none-eabi\8.2.1\thumb\v6-m\nofp\libgcc.a(_thumb1_case_uqi.o)
                0x0000000000000410                __gnu_thumb1_case_uqi
 .text          0x0000000000000424      0x114 C:\Users\isisk\.platformio\packages\toolchain-gccarmnoneeabi@1.80201.181220\lib\gcc\arm-none-eabi\8.2.1\thumb\v6-m\nofp\libgcc.a(_udivsi3.o)
                0x0000000000000424                __aeabi_uidiv
                0x0000000000000424                __udivsi3
                0x0000000000000530                __aeabi_uidivmod
 .text          0x0000000000000538        0x4 C:\Users\isisk\.platformio\packages\toolchain-gccarmnoneeabi@1.80201.181220\lib\gcc\arm-none-eabi\8.2.1\thumb\v6-m\nofp\libgcc.a(_dvmd_tls.o)
                0x0000000000000538                __aeabi_idiv0
                0x0000000000000538                __aeabi_ldiv0
 *(SORT_BY_ALIGNMENT(.text.*))
 .text.config_leds
                0x000000000000053c       0x5c .pio\build\frdm_kl25z\src\main.o
                0x000000000000053c                config_leds
 .text.config_adc
                0x0000000000000598       0x48 .pio\build\frdm_kl25z\src\main.o
                0x0000000000000598                config_adc
 .text.read_adc
                0x00000000000005e0       0x1c .pio\build\frdm_kl25z\src\main.o
                0x00000000000005e0                read_adc
 .text.main     0x00000000000005fc       0x48 .pio\build\frdm_kl25z\src\main.o
                0x00000000000005fc                main
 .text.kl2x_init
                0x0000000000000644       0x98 C:\Users\isisk\.platformio\260602-093213-zephyr-blink\.pio\build\frdm_kl25z\zephyr/libzephyr.a(soc.c.o)
 .text.z_arm_watchdog_init
                0x00000000000006dc       0x10 C:\Users\isisk\.platformio\260602-093213-zephyr-blink\.pio\build\frdm_kl25z\zephyr/libzephyr.a(soc.c.o)
                0x00000000000006dc                z_arm_watchdog_init
 .text.pinmux_mcux_init
                0x00000000000006ec       0x20 C:\Users\isisk\.platformio\260602-093213-zephyr-blink\.pio\build\frdm_kl25z\zephyr/libzephyr.a(pinmux_mcux.c.o)
 .text.z_arm_cpu_idle_init
                0x000000000000070c        0xc C:\Users\isisk\.platformio\260602-093213-zephyr-blink\.pio\build\frdm_kl25z\zephyr/arch/arch/arm/core/aarch32/libarch__arm__core__aarch32.a(cpu_idle.S.o)
                0x000000000000070c                z_arm_cpu_idle_init
 .text.arch_cpu_idle
                0x0000000000000718       0x10 C:\Users\isisk\.platformio\260602-093213-zephyr-blink\.pio\build\frdm_kl25z\zephyr/arch/arch/arm/core/aarch32/libarch__arm__core__aarch32.a(cpu_idle.S.o)
                0x0000000000000718                arch_cpu_idle
 .text.arch_irq_enable
                0x0000000000000728       0x18 C:\Users\isisk\.platformio\260602-093213-zephyr-blink\.pio\build\frdm_kl25z\zephyr/arch/arch/arm/core/aarch32/libarch__arm__core__aarch32.a(irq_manage.c.o)
                0x0000000000000728                arch_irq_enable
 .text.z_arm_irq_priority_set
                0x0000000000000740       0x54 C:\Users\isisk\.platformio\260602-093213-zephyr-blink\.pio\build\frdm_kl25z\zephyr/arch/arch/arm/core/aarch32/libarch__arm__core__aarch32.a(irq_manage.c.o)
                0x0000000000000740                z_arm_irq_priority_set
 .text.z_SysNmiOnReset
                0x0000000000000794        0x4 C:\Users\isisk\.platformio\260602-093213-zephyr-blink\.pio\build\frdm_kl25z\zephyr/arch/arch/arm/core/aarch32/libarch__arm__core__aarch32.a(nmi_on_reset.S.o)
                0x0000000000000794                z_SysNmiOnReset
 .text.arch_swap
                0x0000000000000798       0x30 C:\Users\isisk\.platformio\260602-093213-zephyr-blink\.pio\build\frdm_kl25z\zephyr/arch/arch/arm/core/aarch32/libarch__arm__core__aarch32.a(swap.c.o)
                0x0000000000000798                arch_swap
 .text.z_arm_pendsv
                0x00000000000007c8       0x60 C:\Users\isisk\.platformio\260602-093213-zephyr-blink\.pio\build\frdm_kl25z\zephyr/arch/arch/arm/core/aarch32/libarch__arm__core__aarch32.a(swap_helper.S.o)
                0x00000000000007c8                z_arm_pendsv
 .text.z_arm_svc
                0x0000000000000828       0x24 C:\Users\isisk\.platformio\260602-093213-zephyr-blink\.pio\build\frdm_kl25z\zephyr/arch/arch/arm/core/aarch32/libarch__arm__core__aarch32.a(swap_helper.S.o)
                0x0000000000000828                z_arm_svc
 .text.arch_new_thread
                0x000000000000084c       0x2c C:\Users\isisk\.platformio\260602-093213-zephyr-blink\.pio\build\frdm_kl25z\zephyr/arch/arch/arm/core/aarch32/libarch__arm__core__aarch32.a(thread.c.o)
                0x000000000000084c                arch_new_thread
 .text.arch_switch_to_main_thread
                0x0000000000000878       0x20 C:\Users\isisk\.platformio\260602-093213-zephyr-blink\.pio\build\frdm_kl25z\zephyr/arch/arch/arm/core/aarch32/libarch__arm__core__aarch32.a(thread.c.o)
                0x0000000000000878                arch_switch_to_main_thread
 .text._isr_wrapper
                0x0000000000000898       0x28 C:\Users\isisk\.platformio\260602-093213-zephyr-blink\.pio\build\frdm_kl25z\zephyr/arch/arch/arm/core/aarch32/libarch__arm__core__aarch32.a(isr_wrapper.S.o)
                0x0000000000000898                _isr_wrapper
 .text._HandlerModeExit
                0x00000000000008c0       0x20 C:\Users\isisk\.platformio\260602-093213-zephyr-blink\.pio\build\frdm_kl25z\zephyr/arch/arch/arm/core/aarch32/cortex_m/libarch__arm__core__aarch32__cortex_m.a(exc_exit.S.o)
                0x00000000000008c0                z_arm_int_exit
                0x00000000000008c0                z_arm_exc_exit
 .text.z_arm_fault
                0x00000000000008e0       0x7c C:\Users\isisk\.platformio\260602-093213-zephyr-blink\.pio\build\frdm_kl25z\zephyr/arch/arch/arm/core/aarch32/cortex_m/libarch__arm__core__aarch32__cortex_m.a(fault.c.o)
                0x00000000000008e0                z_arm_fault
 .text.__fault  0x000000000000095c       0x14 C:\Users\isisk\.platformio\260602-093213-zephyr-blink\.pio\build\frdm_kl25z\zephyr/arch/arch/arm/core/aarch32/cortex_m/libarch__arm__core__aarch32__cortex_m.a(fault_s.S.o)
                0x000000000000095c                z_arm_hard_fault
                0x000000000000095c                z_arm_exc_spurious
 .text.z_arm_interrupt_init
                0x0000000000000970       0x30 C:\Users\isisk\.platformio\260602-093213-zephyr-blink\.pio\build\frdm_kl25z\zephyr/arch/arch/arm/core/aarch32/cortex_m/libarch__arm__core__aarch32__cortex_m.a(irq_init.c.o)
                0x0000000000000970                z_arm_interrupt_init
 .text._reset_section
                0x00000000000009a0       0x2c C:\Users\isisk\.platformio\260602-093213-zephyr-blink\.pio\build\frdm_kl25z\zephyr/arch/arch/arm/core/aarch32/cortex_m/libarch__arm__core__aarch32__cortex_m.a(reset.S.o)
                0x00000000000009a0                __start
                0x00000000000009a0                z_arm_reset
 .text.z_impl_k_thread_abort
                0x00000000000009cc       0x2c C:\Users\isisk\.platformio\260602-093213-zephyr-blink\.pio\build\frdm_kl25z\zephyr/arch/arch/arm/core/aarch32/cortex_m/libarch__arm__core__aarch32__cortex_m.a(thread_abort.c.o)
                0x00000000000009cc                z_impl_k_thread_abort
 .text.mcux_sim_on
                0x00000000000009f8       0x1c C:\Users\isisk\.platformio\260602-093213-zephyr-blink\.pio\build\frdm_kl25z\zephyr/drivers/clock_control/libdrivers__clock_control.a(clock_control_mcux_sim.c.o)
 .text.mcux_sim_off
                0x0000000000000a14       0x1c C:\Users\isisk\.platformio\260602-093213-zephyr-blink\.pio\build\frdm_kl25z\zephyr/drivers/clock_control/libdrivers__clock_control.a(clock_control_mcux_sim.c.o)
 .text.gpio_mcux_configure
                0x0000000000000a30       0x88 C:\Users\isisk\.platformio\260602-093213-zephyr-blink\.pio\build\frdm_kl25z\zephyr/drivers/gpio/libdrivers__gpio.a(gpio_mcux.c.o)
 .text.gpio_mcux_pin_interrupt_configure
                0x0000000000000ab8       0x7c C:\Users\isisk\.platformio\260602-093213-zephyr-blink\.pio\build\frdm_kl25z\zephyr/drivers/gpio/libdrivers__gpio.a(gpio_mcux.c.o)
 .text.elapsed  0x0000000000000b34       0x38 C:\Users\isisk\.platformio\260602-093213-zephyr-blink\.pio\build\frdm_kl25z\zephyr/drivers/timer/libdrivers__timer.a(cortex_m_systick.c.o)
 .text.sys_clock_isr
                0x0000000000000b6c       0x44 C:\Users\isisk\.platformio\260602-093213-zephyr-blink\.pio\build\frdm_kl25z\zephyr/drivers/timer/libdrivers__timer.a(cortex_m_systick.c.o)
                0x0000000000000b6c                sys_clock_isr
 .text.sys_clock_driver_init
                0x0000000000000bb0       0x3c C:\Users\isisk\.platformio\260602-093213-zephyr-blink\.pio\build\frdm_kl25z\zephyr/drivers/timer/libdrivers__timer.a(cortex_m_systick.c.o)
                0x0000000000000bb0                sys_clock_driver_init
 .text.sys_clock_set_timeout
                0x0000000000000bec      0x104 C:\Users\isisk\.platformio\260602-093213-zephyr-blink\.pio\build\frdm_kl25z\zephyr/drivers/timer/libdrivers__timer.a(cortex_m_systick.c.o)
                0x0000000000000bec                sys_clock_set_timeout
 .text.sys_clock_elapsed
                0x0000000000000cf0       0x34 C:\Users\isisk\.platformio\260602-093213-zephyr-blink\.pio\build\frdm_kl25z\zephyr/drivers/timer/libdrivers__timer.a(cortex_m_systick.c.o)
                0x0000000000000cf0                sys_clock_elapsed
 .text.CLOCK_GetFllExtRefClkFreq
                0x0000000000000d24       0x3c C:\Users\isisk\.platformio\260602-093213-zephyr-blink\.pio\build\frdm_kl25z\modules/hal_nxp/hal_nxp/lib_pio__modules__hal__nxp.a(fsl_clock.c.o)
 .text.CLOCK_GetInternalRefClkSelectFreq
                0x0000000000000d60       0x28 C:\Users\isisk\.platformio\260602-093213-zephyr-blink\.pio\build\frdm_kl25z\modules/hal_nxp/hal_nxp/lib_pio__modules__hal__nxp.a(fsl_clock.c.o)
 .text.CLOCK_GetOsc0ErClkFreq
                0x0000000000000d88       0x1c C:\Users\isisk\.platformio\260602-093213-zephyr-blink\.pio\build\frdm_kl25z\modules/hal_nxp/hal_nxp/lib_pio__modules__hal__nxp.a(fsl_clock.c.o)
                0x0000000000000d88                CLOCK_GetOsc0ErClkFreq
 .text.CLOCK_GetEr32kClkFreq
                0x0000000000000da4       0x40 C:\Users\isisk\.platformio\260602-093213-zephyr-blink\.pio\build\frdm_kl25z\modules/hal_nxp/hal_nxp/lib_pio__modules__hal__nxp.a(fsl_clock.c.o)
                0x0000000000000da4                CLOCK_GetEr32kClkFreq
 .text.CLOCK_SetSimConfig
                0x0000000000000de4       0x4c C:\Users\isisk\.platformio\260602-093213-zephyr-blink\.pio\build\frdm_kl25z\modules/hal_nxp/hal_nxp/lib_pio__modules__hal__nxp.a(fsl_clock.c.o)
                0x0000000000000de4                CLOCK_SetSimConfig
 .text.CLOCK_GetFllFreq
                0x0000000000000e30       0x4c C:\Users\isisk\.platformio\260602-093213-zephyr-blink\.pio\build\frdm_kl25z\modules/hal_nxp/hal_nxp/lib_pio__modules__hal__nxp.a(fsl_clock.c.o)
                0x0000000000000e30                CLOCK_GetFllFreq
 .text.CLOCK_GetInternalRefClkFreq
                0x0000000000000e7c       0x18 C:\Users\isisk\.platformio\260602-093213-zephyr-blink\.pio\build\frdm_kl25z\modules/hal_nxp/hal_nxp/lib_pio__modules__hal__nxp.a(fsl_clock.c.o)
                0x0000000000000e7c                CLOCK_GetInternalRefClkFreq
 .text.CLOCK_GetPll0Freq
                0x0000000000000e94       0x30 C:\Users\isisk\.platformio\260602-093213-zephyr-blink\.pio\build\frdm_kl25z\modules/hal_nxp/hal_nxp/lib_pio__modules__hal__nxp.a(fsl_clock.c.o)
                0x0000000000000e94                CLOCK_GetPll0Freq
 .text.CLOCK_GetPllFllSelClkFreq
                0x0000000000000ec4       0x24 C:\Users\isisk\.platformio\260602-093213-zephyr-blink\.pio\build\frdm_kl25z\modules/hal_nxp/hal_nxp/lib_pio__modules__hal__nxp.a(fsl_clock.c.o)
                0x0000000000000ec4                CLOCK_GetPllFllSelClkFreq
 .text.CLOCK_GetOutClkFreq
                0x0000000000000ee8       0x38 C:\Users\isisk\.platformio\260602-093213-zephyr-blink\.pio\build\frdm_kl25z\modules/hal_nxp/hal_nxp/lib_pio__modules__hal__nxp.a(fsl_clock.c.o)
                0x0000000000000ee8                CLOCK_GetOutClkFreq
 .text.CLOCK_GetFixedFreqClkFreq
                0x0000000000000f20       0x34 C:\Users\isisk\.platformio\260602-093213-zephyr-blink\.pio\build\frdm_kl25z\modules/hal_nxp/hal_nxp/lib_pio__modules__hal__nxp.a(fsl_clock.c.o)
                0x0000000000000f20                CLOCK_GetFixedFreqClkFreq
 .text.CLOCK_GetFreq
                0x0000000000000f54       0x84 C:\Users\isisk\.platformio\260602-093213-zephyr-blink\.pio\build\frdm_kl25z\modules/hal_nxp/hal_nxp/lib_pio__modules__hal__nxp.a(fsl_clock.c.o)
                0x0000000000000f54                CLOCK_GetFreq
 .text.CLOCK_SetInternalRefClkConfig
                0x0000000000000fd8       0x74 C:\Users\isisk\.platformio\260602-093213-zephyr-blink\.pio\build\frdm_kl25z\modules/hal_nxp/hal_nxp/lib_pio__modules__hal__nxp.a(fsl_clock.c.o)
                0x0000000000000fd8                CLOCK_SetInternalRefClkConfig
 .text.CLOCK_EnablePll0
                0x000000000000104c       0x30 C:\Users\isisk\.platformio\260602-093213-zephyr-blink\.pio\build\frdm_kl25z\modules/hal_nxp/hal_nxp/lib_pio__modules__hal__nxp.a(fsl_clock.c.o)
                0x000000000000104c                CLOCK_EnablePll0
 .text.CLOCK_InitOsc0
                0x000000000000107c       0x68 C:\Users\isisk\.platformio\260602-093213-zephyr-blink\.pio\build\frdm_kl25z\modules/hal_nxp/hal_nxp/lib_pio__modules__hal__nxp.a(fsl_clock.c.o)
                0x000000000000107c                CLOCK_InitOsc0
 .text.CLOCK_SetPbeMode
                0x00000000000010e4       0x50 C:\Users\isisk\.platformio\260602-093213-zephyr-blink\.pio\build\frdm_kl25z\modules/hal_nxp/hal_nxp/lib_pio__modules__hal__nxp.a(fsl_clock.c.o)
                0x00000000000010e4                CLOCK_SetPbeMode
 .text.CLOCK_BootToPeeMode
                0x0000000000001134       0x2c C:\Users\isisk\.platformio\260602-093213-zephyr-blink\.pio\build\frdm_kl25z\modules/hal_nxp/hal_nxp/lib_pio__modules__hal__nxp.a(fsl_clock.c.o)
                0x0000000000001134                CLOCK_BootToPeeMode
 .text.init_idle_thread
                0x0000000000001160       0x54 C:\Users\isisk\.platformio\260602-093213-zephyr-blink\.pio\build\frdm_kl25z\zephyr/kernel/libkernel.a(init.c.o)
 .text.bg_thread_main
                0x00000000000011b4       0x34 C:\Users\isisk\.platformio\260602-093213-zephyr-blink\.pio\build\frdm_kl25z\zephyr/kernel/libkernel.a(init.c.o)
 .text.z_bss_zero
                0x00000000000011e8       0x18 C:\Users\isisk\.platformio\260602-093213-zephyr-blink\.pio\build\frdm_kl25z\zephyr/kernel/libkernel.a(init.c.o)
                0x00000000000011e8                z_bss_zero
 .text.z_cstart
                0x0000000000001200       0xb8 C:\Users\isisk\.platformio\260602-093213-zephyr-blink\.pio\build\frdm_kl25z\zephyr/kernel/libkernel.a(init.c.o)
                0x0000000000001200                z_cstart
 .text.z_setup_new_thread
                0x00000000000012b8       0x58 C:\Users\isisk\.platformio\260602-093213-zephyr-blink\.pio\build\frdm_kl25z\zephyr/kernel/libkernel.a(thread.c.o)
                0x00000000000012b8                z_setup_new_thread
 .text.z_init_static_threads
                0x0000000000001310       0x90 C:\Users\isisk\.platformio\260602-093213-zephyr-blink\.pio\build\frdm_kl25z\zephyr/kernel/libkernel.a(thread.c.o)
                0x0000000000001310                z_init_static_threads
 .text.z_reset_time_slice
                0x00000000000013a0       0x28 C:\Users\isisk\.platformio\260602-093213-zephyr-blink\.pio\build\frdm_kl25z\zephyr/kernel/libkernel.a(sched.c.o)
                0x00000000000013a0                z_reset_time_slice
 .text.k_sched_time_slice_set
                0x00000000000013c8       0x44 C:\Users\isisk\.platformio\260602-093213-zephyr-blink\.pio\build\frdm_kl25z\zephyr/kernel/libkernel.a(sched.c.o)
                0x00000000000013c8                k_sched_time_slice_set
 .text.z_reschedule
                0x000000000000140c       0x2c C:\Users\isisk\.platformio\260602-093213-zephyr-blink\.pio\build\frdm_kl25z\zephyr/kernel/libkernel.a(sched.c.o)
                0x000000000000140c                z_reschedule
 .text.k_sched_lock
                0x0000000000001438       0x20 C:\Users\isisk\.platformio\260602-093213-zephyr-blink\.pio\build\frdm_kl25z\zephyr/kernel/libkernel.a(sched.c.o)
                0x0000000000001438                k_sched_lock
 .text.update_cache
                0x0000000000001458       0x44 C:\Users\isisk\.platformio\260602-093213-zephyr-blink\.pio\build\frdm_kl25z\zephyr/kernel/libkernel.a(sched.c.o)
 .text.move_thread_to_end_of_prio_q
                0x000000000000149c       0x78 C:\Users\isisk\.platformio\260602-093213-zephyr-blink\.pio\build\frdm_kl25z\zephyr/kernel/libkernel.a(sched.c.o)
 .text.z_time_slice
                0x0000000000001514       0x7c C:\Users\isisk\.platformio\260602-093213-zephyr-blink\.pio\build\frdm_kl25z\zephyr/kernel/libkernel.a(sched.c.o)
                0x0000000000001514                z_time_slice
 .text.ready_thread
                0x0000000000001590       0x6c C:\Users\isisk\.platformio\260602-093213-zephyr-blink\.pio\build\frdm_kl25z\zephyr/kernel/libkernel.a(sched.c.o)
 .text.z_sched_start
                0x00000000000015fc       0x34 C:\Users\isisk\.platformio\260602-093213-zephyr-blink\.pio\build\frdm_kl25z\zephyr/kernel/libkernel.a(sched.c.o)
                0x00000000000015fc                z_sched_start
 .text.k_sched_unlock
                0x0000000000001630       0x2c C:\Users\isisk\.platformio\260602-093213-zephyr-blink\.pio\build\frdm_kl25z\zephyr/kernel/libkernel.a(sched.c.o)
                0x0000000000001630                k_sched_unlock
 .text.z_sched_init
                0x000000000000165c       0x1c C:\Users\isisk\.platformio\260602-093213-zephyr-blink\.pio\build\frdm_kl25z\zephyr/kernel/libkernel.a(sched.c.o)
                0x000000000000165c                z_sched_init
 .text.z_impl_z_current_get
                0x0000000000001678        0xc C:\Users\isisk\.platformio\260602-093213-zephyr-blink\.pio\build\frdm_kl25z\zephyr/kernel/libkernel.a(sched.c.o)
                0x0000000000001678                z_impl_z_current_get
 .text.z_thread_abort
                0x0000000000001684       0xa0 C:\Users\isisk\.platformio\260602-093213-zephyr-blink\.pio\build\frdm_kl25z\zephyr/kernel/libkernel.a(sched.c.o)
                0x0000000000001684                z_thread_abort
 .text.z_data_copy
                0x0000000000001724       0x34 C:\Users\isisk\.platformio\260602-093213-zephyr-blink\.pio\build\frdm_kl25z\zephyr/kernel/libkernel.a(xip.c.o)
                0x0000000000001724                z_data_copy
 .text.elapsed  0x0000000000001758       0x18 C:\Users\isisk\.platformio\260602-093213-zephyr-blink\.pio\build\frdm_kl25z\zephyr/kernel/libkernel.a(timeout.c.o)
 .text.remove_timeout
                0x0000000000001770       0x38 C:\Users\isisk\.platformio\260602-093213-zephyr-blink\.pio\build\frdm_kl25z\zephyr/kernel/libkernel.a(timeout.c.o)
 .text.next_timeout
                0x00000000000017a8       0x58 C:\Users\isisk\.platformio\260602-093213-zephyr-blink\.pio\build\frdm_kl25z\zephyr/kernel/libkernel.a(timeout.c.o)
 .text.z_add_timeout
                0x0000000000001800       0xf0 C:\Users\isisk\.platformio\260602-093213-zephyr-blink\.pio\build\frdm_kl25z\zephyr/kernel/libkernel.a(timeout.c.o)
                0x0000000000001800                z_add_timeout
 .text.sys_clock_announce
                0x00000000000018f0       0xe8 C:\Users\isisk\.platformio\260602-093213-zephyr-blink\.pio\build\frdm_kl25z\zephyr/kernel/libkernel.a(timeout.c.o)
                0x00000000000018f0                sys_clock_announce
 .text.z_sys_init_run_level
                0x00000000000019d8       0x44 C:\Users\isisk\.platformio\260602-093213-zephyr-blink\.pio\build\frdm_kl25z\zephyr/kernel/libkernel.a(device.c.o)
                0x00000000000019d8                z_sys_init_run_level
 .text.__muldi3
                0x0000000000001a1c       0x54 C:\Users\isisk\.platformio\packages\toolchain-gccarmnoneeabi@1.80201.181220\lib\gcc\arm-none-eabi\8.2.1\thumb\v6-m\nofp\libgcc.a(_muldi3.o)
                0x0000000000001a1c                __muldi3
                0x0000000000001a1c                __aeabi_lmul
 .text.z_thread_entry
                0x0000000000001a70       0x14 C:\Users\isisk\.platformio\260602-093213-zephyr-blink\.pio\build\frdm_kl25z\zephyr/libzephyr.a(thread_entry.c.o)
                0x0000000000001a70                z_thread_entry
 .text._ConfigAbsSyms
                0x0000000000001a84        0x2 C:\Users\isisk\.platformio\260602-093213-zephyr-blink\.pio\build\frdm_kl25z\zephyr/libzephyr.a(configs.c.o)
                0x0000000000001a84                _ConfigAbsSyms
 .text.pinmux_mcux_set
                0x0000000000001a86        0xc C:\Users\isisk\.platformio\260602-093213-zephyr-blink\.pio\build\frdm_kl25z\zephyr/libzephyr.a(pinmux_mcux.c.o)
 .text.pinmux_mcux_get
                0x0000000000001a92        0xe C:\Users\isisk\.platformio\260602-093213-zephyr-blink\.pio\build\frdm_kl25z\zephyr/libzephyr.a(pinmux_mcux.c.o)
 .text.pinmux_mcux_pullup
                0x0000000000001aa0        0x6 C:\Users\isisk\.platformio\260602-093213-zephyr-blink\.pio\build\frdm_kl25z\zephyr/libzephyr.a(pinmux_mcux.c.o)
 .text.pinmux_mcux_input
                0x0000000000001aa6        0x6 C:\Users\isisk\.platformio\260602-093213-zephyr-blink\.pio\build\frdm_kl25z\zephyr/libzephyr.a(pinmux_mcux.c.o)
 .text.z_arm_fatal_error
                0x0000000000001aac        0x8 C:\Users\isisk\.platformio\260602-093213-zephyr-blink\.pio\build\frdm_kl25z\zephyr/arch/arch/arm/core/aarch32/libarch__arm__core__aarch32.a(fatal.c.o)
                0x0000000000001aac                z_arm_fatal_error
 .text.z_do_kernel_oops
                0x0000000000001ab4        0xc C:\Users\isisk\.platformio\260602-093213-zephyr-blink\.pio\build\frdm_kl25z\zephyr/arch/arch/arm/core/aarch32/libarch__arm__core__aarch32.a(fatal.c.o)
                0x0000000000001ab4                z_do_kernel_oops
 .text.z_irq_spurious
                0x0000000000001ac0        0xc C:\Users\isisk\.platformio\260602-093213-zephyr-blink\.pio\build\frdm_kl25z\zephyr/arch/arch/arm/core/aarch32/libarch__arm__core__aarch32.a(irq_manage.c.o)
                0x0000000000001ac0                z_irq_spurious
 .text.z_arm_nmi
                0x0000000000001acc        0xc C:\Users\isisk\.platformio\260602-093213-zephyr-blink\.pio\build\frdm_kl25z\zephyr/arch/arch/arm/core/aarch32/libarch__arm__core__aarch32.a(nmi.c.o)
                0x0000000000001acc                z_arm_nmi
 .text.relocate_vector_table
                0x0000000000001ad8        0x2 C:\Users\isisk\.platformio\260602-093213-zephyr-blink\.pio\build\frdm_kl25z\zephyr/arch/arch/arm/core/aarch32/libarch__arm__core__aarch32.a(prep_c.c.o)
                0x0000000000001ad8                relocate_vector_table
 .text.z_arm_prep_c
                0x0000000000001ada       0x16 C:\Users\isisk\.platformio\260602-093213-zephyr-blink\.pio\build\frdm_kl25z\zephyr/arch/arch/arm/core/aarch32/libarch__arm__core__aarch32.a(prep_c.c.o)
                0x0000000000001ada                z_arm_prep_c
 .text.z_arm_fault_init
                0x0000000000001af0        0x2 C:\Users\isisk\.platformio\260602-093213-zephyr-blink\.pio\build\frdm_kl25z\zephyr/arch/arch/arm/core/aarch32/cortex_m/libarch__arm__core__aarch32__cortex_m.a(fault.c.o)
                0x0000000000001af0                z_arm_fault_init
 .text.memcpy   0x0000000000001af2       0x12 C:\Users\isisk\.platformio\260602-093213-zephyr-blink\.pio\build\frdm_kl25z\zephyr/lib/libc/minimal/liblib__libc__minimal.a(string.c.o)
                0x0000000000001af2                memcpy
 .text.memset   0x0000000000001b04       0x12 C:\Users\isisk\.platformio\260602-093213-zephyr-blink\.pio\build\frdm_kl25z\zephyr/lib/libc/minimal/liblib__libc__minimal.a(string.c.o)
                0x0000000000001b04                memset
 .text.frdm_kl25z_pinmux_init
                0x0000000000001b16        0x4 C:\Users\isisk\.platformio\260602-093213-zephyr-blink\.pio\build\frdm_kl25z\zephyr/boards/arm/frdm_kl25z/libboards__arm__frdm_kl25z.a(pinmux.c.o)
 .text.mcux_sim_init
                0x0000000000001b1a        0x4 C:\Users\isisk\.platformio\260602-093213-zephyr-blink\.pio\build\frdm_kl25z\zephyr/drivers/clock_control/libdrivers__clock_control.a(clock_control_mcux_sim.c.o)
 .text.mcux_sim_get_subsys_rate
                0x0000000000001b1e       0x16 C:\Users\isisk\.platformio\260602-093213-zephyr-blink\.pio\build\frdm_kl25z\zephyr/drivers/clock_control/libdrivers__clock_control.a(clock_control_mcux_sim.c.o)
 .text.gpio_mcux_port_get_raw
                0x0000000000001b34        0xc C:\Users\isisk\.platformio\260602-093213-zephyr-blink\.pio\build\frdm_kl25z\zephyr/drivers/gpio/libdrivers__gpio.a(gpio_mcux.c.o)
 .text.gpio_mcux_port_set_masked_raw
                0x0000000000001b40       0x12 C:\Users\isisk\.platformio\260602-093213-zephyr-blink\.pio\build\frdm_kl25z\zephyr/drivers/gpio/libdrivers__gpio.a(gpio_mcux.c.o)
 .text.gpio_mcux_port_set_bits_raw
                0x0000000000001b52        0xa C:\Users\isisk\.platformio\260602-093213-zephyr-blink\.pio\build\frdm_kl25z\zephyr/drivers/gpio/libdrivers__gpio.a(gpio_mcux.c.o)
 .text.gpio_mcux_port_clear_bits_raw
                0x0000000000001b5c        0xa C:\Users\isisk\.platformio\260602-093213-zephyr-blink\.pio\build\frdm_kl25z\zephyr/drivers/gpio/libdrivers__gpio.a(gpio_mcux.c.o)
 .text.gpio_mcux_port_toggle_bits
                0x0000000000001b66        0xa C:\Users\isisk\.platformio\260602-093213-zephyr-blink\.pio\build\frdm_kl25z\zephyr/drivers/gpio/libdrivers__gpio.a(gpio_mcux.c.o)
 .text.gpio_mcux_manage_callback
                0x0000000000001b70       0x5e C:\Users\isisk\.platformio\260602-093213-zephyr-blink\.pio\build\frdm_kl25z\zephyr/drivers/gpio/libdrivers__gpio.a(gpio_mcux.c.o)
 .text.gpio_mcux_port_isr
                0x0000000000001bce       0x30 C:\Users\isisk\.platformio\260602-093213-zephyr-blink\.pio\build\frdm_kl25z\zephyr/drivers/gpio/libdrivers__gpio.a(gpio_mcux.c.o)
 .text.gpio_mcux_port1_init
                0x0000000000001bfe        0x4 C:\Users\isisk\.platformio\260602-093213-zephyr-blink\.pio\build\frdm_kl25z\zephyr/drivers/gpio/libdrivers__gpio.a(gpio_mcux.c.o)
 .text.gpio_mcux_port0_init
                0x0000000000001c02       0x16 C:\Users\isisk\.platformio\260602-093213-zephyr-blink\.pio\build\frdm_kl25z\zephyr/drivers/gpio/libdrivers__gpio.a(gpio_mcux.c.o)
 .text.gpio_mcux_port2_init
                0x0000000000001c18       0x16 C:\Users\isisk\.platformio\260602-093213-zephyr-blink\.pio\build\frdm_kl25z\zephyr/drivers/gpio/libdrivers__gpio.a(gpio_mcux.c.o)
 .text._OffsetAbsSyms
                0x0000000000001c2e        0x2 C:\Users\isisk\.platformio\260602-093213-zephyr-blink\.pio\build\frdm_kl25z\zephyr\liboffsets.a(offsets.c.o)
                0x0000000000001c2e                _OffsetAbsSyms
 .text.arch_system_halt
                0x0000000000001c30        0x8 C:\Users\isisk\.platformio\260602-093213-zephyr-blink\.pio\build\frdm_kl25z\zephyr/kernel/libkernel.a(fatal.c.o)
                0x0000000000001c30                arch_system_halt
 .text.k_sys_fatal_error_handler
                0x0000000000001c38        0x6 C:\Users\isisk\.platformio\260602-093213-zephyr-blink\.pio\build\frdm_kl25z\zephyr/kernel/libkernel.a(fatal.c.o)
                0x0000000000001c38                k_sys_fatal_error_handler
 .text.z_fatal_error
                0x0000000000001c3e       0x2c C:\Users\isisk\.platformio\260602-093213-zephyr-blink\.pio\build\frdm_kl25z\zephyr/kernel/libkernel.a(fatal.c.o)
                0x0000000000001c3e                z_fatal_error
 .text.idle     0x0000000000001c6a        0xe C:\Users\isisk\.platformio\260602-093213-zephyr-blink\.pio\build\frdm_kl25z\zephyr/kernel/libkernel.a(idle.c.o)
                0x0000000000001c6a                idle
 .text.sys_dlist_remove
                0x0000000000001c78       0x10 C:\Users\isisk\.platformio\260602-093213-zephyr-blink\.pio\build\frdm_kl25z\zephyr/kernel/libkernel.a(sched.c.o)
 .text.unpend_thread_no_timeout
                0x0000000000001c88       0x16 C:\Users\isisk\.platformio\260602-093213-zephyr-blink\.pio\build\frdm_kl25z\zephyr/kernel/libkernel.a(sched.c.o)
 .text.z_reschedule_irqlock
                0x0000000000001c9e       0x1c C:\Users\isisk\.platformio\260602-093213-zephyr-blink\.pio\build\frdm_kl25z\zephyr/kernel/libkernel.a(sched.c.o)
                0x0000000000001c9e                z_reschedule_irqlock
 .text.z_reschedule_unlocked
                0x0000000000001cba        0xe C:\Users\isisk\.platformio\260602-093213-zephyr-blink\.pio\build\frdm_kl25z\zephyr/kernel/libkernel.a(sched.c.o)
 .text.z_priq_dumb_best
                0x0000000000001cc8        0xc C:\Users\isisk\.platformio\260602-093213-zephyr-blink\.pio\build\frdm_kl25z\zephyr/kernel/libkernel.a(sched.c.o)
                0x0000000000001cc8                z_priq_dumb_best
 .text.z_ready_thread
                0x0000000000001cd4       0x18 C:\Users\isisk\.platformio\260602-093213-zephyr-blink\.pio\build\frdm_kl25z\zephyr/kernel/libkernel.a(sched.c.o)
                0x0000000000001cd4                z_ready_thread
 .text.z_thread_timeout
                0x0000000000001cec       0x3e C:\Users\isisk\.platformio\260602-093213-zephyr-blink\.pio\build\frdm_kl25z\zephyr/kernel/libkernel.a(sched.c.o)
                0x0000000000001cec                z_thread_timeout
 .text.z_abort_timeout
                0x0000000000001d2a       0x26 C:\Users\isisk\.platformio\260602-093213-zephyr-blink\.pio\build\frdm_kl25z\zephyr/kernel/libkernel.a(timeout.c.o)
                0x0000000000001d2a                z_abort_timeout
 .text.z_set_timeout_expiry
                0x0000000000001d50       0x2c C:\Users\isisk\.platformio\260602-093213-zephyr-blink\.pio\build\frdm_kl25z\zephyr/kernel/libkernel.a(timeout.c.o)
                0x0000000000001d50                z_set_timeout_expiry
 .text.boot_banner
                0x0000000000001d7c        0x2 C:\Users\isisk\.platformio\260602-093213-zephyr-blink\.pio\build\frdm_kl25z\zephyr/kernel/libkernel.a(banner.c.o)
                0x0000000000001d7c                boot_banner
 .text.z_device_state_init
                0x0000000000001d7e        0x2 C:\Users\isisk\.platformio\260602-093213-zephyr-blink\.pio\build\frdm_kl25z\zephyr/kernel/libkernel.a(device.c.o)
                0x0000000000001d7e                z_device_state_init
 *(SORT_BY_ALIGNMENT(.TEXT.*))
 *(SORT_BY_ALIGNMENT(.gnu.linkonce.t.*))
 *(SORT_BY_ALIGNMENT(.glue_7t))
 .glue_7t       0x0000000000001d80        0x0 linker stubs
 *(SORT_BY_ALIGNMENT(.glue_7))
 .glue_7        0x0000000000001d80        0x0 linker stubs
 *(SORT_BY_ALIGNMENT(.vfp11_veneer))
 .vfp11_veneer  0x0000000000001d80        0x0 linker stubs
 *(SORT_BY_ALIGNMENT(.v4_bx))
 .v4_bx         0x0000000000001d80        0x0 linker stubs
                0x0000000000001d80                __text_region_end = .

.ARM.exidx      0x0000000000001d80        0x0
                0x0000000000001d80                __exidx_start = .
 *(SORT_BY_ALIGNMENT(.ARM.exidx*) SORT_BY_ALIGNMENT(gnu.linkonce.armexidx.*))
                0x0000000000001d80                __exidx_end = .
                0x0000000000001d80                __rodata_region_start = .

initlevel       0x0000000000001d80       0x60
                0x0000000000001d80                __init_start = .
                0x0000000000001d80                __init_PRE_KERNEL_1_start = .
 *(SORT_BY_NAME(SORT_BY_ALIGNMENT(.z_init_PRE_KERNEL_1[0-9]_*)))
 .z_init_PRE_KERNEL_10_
                0x0000000000001d80        0x8 C:\Users\isisk\.platformio\260602-093213-zephyr-blink\.pio\build\frdm_kl25z\zephyr/libzephyr.a(soc.c.o)
 *(SORT_BY_NAME(SORT_BY_ALIGNMENT(.z_init_PRE_KERNEL_1[1-9][0-9]_*)))
 .z_init_PRE_KERNEL_140_
                0x0000000000001d88       0x28 C:\Users\isisk\.platformio\260602-093213-zephyr-blink\.pio\build\frdm_kl25z\zephyr/libzephyr.a(pinmux_mcux.c.o)
 .z_init_PRE_KERNEL_145_
                0x0000000000001db0        0x8 C:\Users\isisk\.platformio\260602-093213-zephyr-blink\.pio\build\frdm_kl25z\zephyr/boards/arm/frdm_kl25z/libboards__arm__frdm_kl25z.a(pinmux.c.o)
 .z_init_PRE_KERNEL_150_
                0x0000000000001db8        0x8 C:\Users\isisk\.platformio\260602-093213-zephyr-blink\.pio\build\frdm_kl25z\zephyr/drivers/clock_control/libdrivers__clock_control.a(clock_control_mcux_sim.c.o)
                0x0000000000001dc0                __init_PRE_KERNEL_2_start = .
 *(SORT_BY_NAME(SORT_BY_ALIGNMENT(.z_init_PRE_KERNEL_2[0-9]_*)))
 .z_init_PRE_KERNEL_20_
                0x0000000000001dc0        0x8 C:\Users\isisk\.platformio\260602-093213-zephyr-blink\.pio\build\frdm_kl25z\zephyr/drivers/timer/libdrivers__timer.a(sys_clock_init.c.o)
 *(SORT_BY_NAME(SORT_BY_ALIGNMENT(.z_init_PRE_KERNEL_2[1-9][0-9]_*)))
                0x0000000000001dc8                __init_POST_KERNEL_start = .
 *(SORT_BY_NAME(SORT_BY_ALIGNMENT(.z_init_POST_KERNEL[0-9]_*)))
 *(SORT_BY_NAME(SORT_BY_ALIGNMENT(.z_init_POST_KERNEL[1-9][0-9]_*)))
 .z_init_POST_KERNEL40_
                0x0000000000001dc8       0x18 C:\Users\isisk\.platformio\260602-093213-zephyr-blink\.pio\build\frdm_kl25z\zephyr/drivers/gpio/libdrivers__gpio.a(gpio_mcux.c.o)
                0x0000000000001de0                __init_APPLICATION_start = .
 *(SORT_BY_NAME(SORT_BY_ALIGNMENT(.z_init_APPLICATION[0-9]_*)))
 *(SORT_BY_NAME(SORT_BY_ALIGNMENT(.z_init_APPLICATION[1-9][0-9]_*)))
                0x0000000000001de0                __init_SMP_start = .
 *(SORT_BY_NAME(SORT_BY_ALIGNMENT(.z_init_SMP[0-9]_*)))
 *(SORT_BY_NAME(SORT_BY_ALIGNMENT(.z_init_SMP[1-9][0-9]_*)))
                0x0000000000001de0                __init_end = .

devices         0x0000000000001de0       0xf0
                0x0000000000001de0                __device_start = .
                0x0000000000001de0                __device_PRE_KERNEL_1_start = .
 *(SORT_BY_NAME(SORT_BY_ALIGNMENT(.z_device_PRE_KERNEL_1[0-9]_*)))
 *(SORT_BY_NAME(SORT_BY_ALIGNMENT(.z_device_PRE_KERNEL_1[1-9][0-9]_*)))
 .z_device_PRE_KERNEL_140_
                0x0000000000001de0       0x78 C:\Users\isisk\.platformio\260602-093213-zephyr-blink\.pio\build\frdm_kl25z\zephyr/libzephyr.a(pinmux_mcux.c.o)
                0x0000000000001de0                __device_dts_ord_26
                0x0000000000001df8                __device_dts_ord_20
                0x0000000000001e10                __device_dts_ord_24
                0x0000000000001e28                __device_dts_ord_16
                0x0000000000001e40                __device_dts_ord_11
 .z_device_PRE_KERNEL_150_
                0x0000000000001e58       0x18 C:\Users\isisk\.platformio\260602-093213-zephyr-blink\.pio\build\frdm_kl25z\zephyr/drivers/clock_control/libdrivers__clock_control.a(clock_control_mcux_sim.c.o)
                0x0000000000001e58                __device_dts_ord_10
                0x0000000000001e70                __device_PRE_KERNEL_2_start = .
 *(SORT_BY_NAME(SORT_BY_ALIGNMENT(.z_device_PRE_KERNEL_2[0-9]_*)))
 .z_device_PRE_KERNEL_20_
                0x0000000000001e70       0x18 C:\Users\isisk\.platformio\260602-093213-zephyr-blink\.pio\build\frdm_kl25z\zephyr/drivers/timer/libdrivers__timer.a(sys_clock_init.c.o)
 *(SORT_BY_NAME(SORT_BY_ALIGNMENT(.z_device_PRE_KERNEL_2[1-9][0-9]_*)))
                0x0000000000001e88                __device_POST_KERNEL_start = .
 *(SORT_BY_NAME(SORT_BY_ALIGNMENT(.z_device_POST_KERNEL[0-9]_*)))
 *(SORT_BY_NAME(SORT_BY_ALIGNMENT(.z_device_POST_KERNEL[1-9][0-9]_*)))
 .z_device_POST_KERNEL40_
                0x0000000000001e88       0x48 C:\Users\isisk\.platformio\260602-093213-zephyr-blink\.pio\build\frdm_kl25z\zephyr/drivers/gpio/libdrivers__gpio.a(gpio_mcux.c.o)
                0x0000000000001e88                __device_dts_ord_21
                0x0000000000001ea0                __device_dts_ord_17
                0x0000000000001eb8                __device_dts_ord_12
                0x0000000000001ed0                __device_APPLICATION_start = .
 *(SORT_BY_NAME(SORT_BY_ALIGNMENT(.z_device_APPLICATION[0-9]_*)))
 *(SORT_BY_NAME(SORT_BY_ALIGNMENT(.z_device_APPLICATION[1-9][0-9]_*)))
                0x0000000000001ed0                __device_SMP_start = .
 *(SORT_BY_NAME(SORT_BY_ALIGNMENT(.z_device_SMP[0-9]_*)))
 *(SORT_BY_NAME(SORT_BY_ALIGNMENT(.z_device_SMP[1-9][0-9]_*)))
                0x0000000000001ed0                __device_end = .

sw_isr_table    0x0000000000001ed0      0x100
                0x0000000000001ed0                . = ALIGN (0x0)
 *(SORT_BY_ALIGNMENT(.gnu.linkonce.sw_isr_table*))
 .gnu.linkonce.sw_isr_table
                0x0000000000001ed0      0x100 .pio\build\frdm_kl25z\zephyr_final\zephyr\isr_tables.c.o
                0x0000000000001ed0                _sw_isr_table

initlevel_error
                0x0000000000001d80        0x0
 *(SORT_BY_NAME(SORT_BY_ALIGNMENT(.z_init_[_A-Z0-9]*)))
                0x0000000000000001                ASSERT ((SIZEOF (initlevel_error) == 0x0), Undefined initialization levels used.)

app_shmem_regions
                0x0000000000001fd0        0x0
                0x0000000000001fd0                __app_shmem_regions_start = .
 *(SORT_BY_NAME(SORT_BY_ALIGNMENT(.app_regions.*)))
                0x0000000000001fd0                __app_shmem_regions_end = .

bt_l2cap_fixed_chan_area
                0x0000000000001fd0        0x0
                0x0000000000001fd0                _bt_l2cap_fixed_chan_list_start = .
 *(SORT_BY_NAME(SORT_BY_ALIGNMENT(._bt_l2cap_fixed_chan.static.*)))
                0x0000000000001fd0                _bt_l2cap_fixed_chan_list_end = .

bt_gatt_service_static_area
                0x0000000000001fd0        0x0
                0x0000000000001fd0                _bt_gatt_service_static_list_start = .
 *(SORT_BY_NAME(SORT_BY_ALIGNMENT(._bt_gatt_service_static.static.*)))
                0x0000000000001fd0                _bt_gatt_service_static_list_end = .

k_p4wq_initparam_area
                0x0000000000001fd0        0x0
                0x0000000000001fd0                _k_p4wq_initparam_list_start = .
 *(SORT_BY_NAME(SORT_BY_ALIGNMENT(._k_p4wq_initparam.static.*)))
                0x0000000000001fd0                _k_p4wq_initparam_list_end = .

log_strings_sections
                0x0000000000001fd0        0x0
                0x0000000000001fd0                __log_strings_start = .
 *(SORT_BY_NAME(SORT_BY_ALIGNMENT(.log_strings*)))
                0x0000000000001fd0                __log_strings_end = .

log_const_sections
                0x0000000000001fd0        0x0
                0x0000000000001fd0                __log_const_start = .
 *(SORT_BY_NAME(SORT_BY_ALIGNMENT(.log_const_*)))
                0x0000000000001fd0                __log_const_end = .

log_backends_sections
                0x0000000000001fd0        0x0
                0x0000000000001fd0                __log_backends_start = .
 *(SORT_BY_ALIGNMENT(._log_backend.*))
                0x0000000000001fd0                __log_backends_end = .

shell_area      0x0000000000001fd0        0x0
                0x0000000000001fd0                _shell_list_start = .
 *(SORT_BY_NAME(SORT_BY_ALIGNMENT(._shell.static.*)))
                0x0000000000001fd0                _shell_list_end = .

shell_root_cmds_sections
                0x0000000000001fd0        0x0
                0x0000000000001fd0                __shell_root_cmds_start = .
 *(SORT_BY_NAME(SORT_BY_ALIGNMENT(.shell_root_cmd_*)))
                0x0000000000001fd0                __shell_root_cmds_end = .

font_entry_sections
                0x0000000000001fd0        0x0
                0x0000000000001fd0                __font_entry_start = .
 *(SORT_BY_NAME(SORT_BY_ALIGNMENT(._cfb_font.*)))
                0x0000000000001fd0                __font_entry_end = .

tracing_backend_area
                0x0000000000001fd0        0x0
                0x0000000000001fd0                _tracing_backend_list_start = .
 *(SORT_BY_NAME(SORT_BY_ALIGNMENT(._tracing_backend.static.*)))
                0x0000000000001fd0                _tracing_backend_list_end = .

zephyr_dbg_info
 *(SORT_BY_ALIGNMENT(.dbg_thread_info))

device_handles  0x0000000000001fd0       0x4e
                0x0000000000001fd0                __device_handles_start = .
 *(SORT_BY_NAME(SORT_BY_ALIGNMENT(.__device_handles_pass2*)))
 .__device_handles_pass2
                0x0000000000001fd0       0x4e .pio\build\frdm_kl25z\zephyr_final\zephyr\dev_handles.c.o
                0x0000000000001fd0                __devicehdl_DT_N_S_soc_S_gpio_400ff000
                0x0000000000001fda                __devicehdl_DT_N_S_soc_S_gpio_400ff040
                0x0000000000001fe2                __devicehdl_DT_N_S_soc_S_gpio_400ff0c0
                0x0000000000001fec                __devicehdl_sys_init_sys_clock_driver_init0
                0x0000000000001ff0                __devicehdl_DT_N_S_soc_S_sim_40047000
                0x0000000000001ff6                __devicehdl_DT_N_S_soc_S_pinmux_40049000
                0x0000000000001ffe                __devicehdl_DT_N_S_soc_S_pinmux_4004a000
                0x0000000000002006                __devicehdl_DT_N_S_soc_S_pinmux_4004b000
                0x000000000000200e                __devicehdl_DT_N_S_soc_S_pinmux_4004c000
                0x0000000000002016                __devicehdl_DT_N_S_soc_S_pinmux_4004d000
                0x000000000000201e                __device_handles_end = .

rodata          0x0000000000002020      0x150
 *(SORT_BY_ALIGNMENT(.rodata))
 .rodata        0x0000000000002020       0x10 C:\Users\isisk\.platformio\260602-093213-zephyr-blink\.pio\build\frdm_kl25z\zephyr/libzephyr.a(soc.c.o)
 *(SORT_BY_ALIGNMENT(.rodata.*))
 .rodata.pinmux_mcux_0_config
                0x0000000000002030        0x8 C:\Users\isisk\.platformio\260602-093213-zephyr-blink\.pio\build\frdm_kl25z\zephyr/libzephyr.a(pinmux_mcux.c.o)
 .rodata.pinmux_mcux_1_config
                0x0000000000002038        0x8 C:\Users\isisk\.platformio\260602-093213-zephyr-blink\.pio\build\frdm_kl25z\zephyr/libzephyr.a(pinmux_mcux.c.o)
 .rodata.pinmux_mcux_2_config
                0x0000000000002040        0x8 C:\Users\isisk\.platformio\260602-093213-zephyr-blink\.pio\build\frdm_kl25z\zephyr/libzephyr.a(pinmux_mcux.c.o)
 .rodata.pinmux_mcux_3_config
                0x0000000000002048        0x8 C:\Users\isisk\.platformio\260602-093213-zephyr-blink\.pio\build\frdm_kl25z\zephyr/libzephyr.a(pinmux_mcux.c.o)
 .rodata.pinmux_mcux_4_config
                0x0000000000002050        0x8 C:\Users\isisk\.platformio\260602-093213-zephyr-blink\.pio\build\frdm_kl25z\zephyr/libzephyr.a(pinmux_mcux.c.o)
 .rodata.pinmux_mcux_driver_api
                0x0000000000002058       0x10 C:\Users\isisk\.platformio\260602-093213-zephyr-blink\.pio\build\frdm_kl25z\zephyr/libzephyr.a(pinmux_mcux.c.o)
 .rodata.mcux_sim_driver_api
                0x0000000000002068       0x14 C:\Users\isisk\.platformio\260602-093213-zephyr-blink\.pio\build\frdm_kl25z\zephyr/drivers/clock_control/libdrivers__clock_control.a(clock_control_mcux_sim.c.o)
 .rodata.gpio_mcux_driver_api
                0x000000000000207c       0x24 C:\Users\isisk\.platformio\260602-093213-zephyr-blink\.pio\build\frdm_kl25z\zephyr/drivers/gpio/libdrivers__gpio.a(gpio_mcux.c.o)
 .rodata.gpio_mcux_port0_config
                0x00000000000020a0       0x10 C:\Users\isisk\.platformio\260602-093213-zephyr-blink\.pio\build\frdm_kl25z\zephyr/drivers/gpio/libdrivers__gpio.a(gpio_mcux.c.o)
 .rodata.gpio_mcux_port1_config
                0x00000000000020b0       0x10 C:\Users\isisk\.platformio\260602-093213-zephyr-blink\.pio\build\frdm_kl25z\zephyr/drivers/gpio/libdrivers__gpio.a(gpio_mcux.c.o)
 .rodata.gpio_mcux_port2_config
                0x00000000000020c0       0x10 C:\Users\isisk\.platformio\260602-093213-zephyr-blink\.pio\build\frdm_kl25z\zephyr/drivers/gpio/libdrivers__gpio.a(gpio_mcux.c.o)
 .rodata._k_neg_eagain
                0x00000000000020d0        0x4 C:\Users\isisk\.platformio\260602-093213-zephyr-blink\.pio\build\frdm_kl25z\zephyr/kernel/libkernel.a(errno.c.o)
                0x00000000000020d0                _k_neg_eagain
 .rodata.levels.7199
                0x00000000000020d4       0x14 C:\Users\isisk\.platformio\260602-093213-zephyr-blink\.pio\build\frdm_kl25z\zephyr/kernel/libkernel.a(device.c.o)
 .rodata.fllFactorTable.5266
                0x00000000000020e8       0x10 C:\Users\isisk\.platformio\260602-093213-zephyr-blink\.pio\build\frdm_kl25z\modules/hal_nxp/hal_nxp/lib_pio__modules__hal__nxp.a(fsl_clock.c.o)
 .rodata.str1.1
                0x00000000000020f8       0x50 C:\Users\isisk\.platformio\260602-093213-zephyr-blink\.pio\build\frdm_kl25z\zephyr/libzephyr.a(pinmux_mcux.c.o)
 .rodata.str1.1
                0x0000000000002148        0x4 C:\Users\isisk\.platformio\260602-093213-zephyr-blink\.pio\build\frdm_kl25z\zephyr/drivers/clock_control/libdrivers__clock_control.a(clock_control_mcux_sim.c.o)
 .rodata.str1.1
                0x000000000000214c       0x15 C:\Users\isisk\.platformio\260602-093213-zephyr-blink\.pio\build\frdm_kl25z\zephyr/drivers/gpio/libdrivers__gpio.a(gpio_mcux.c.o)
 .rodata.str1.1
                0x0000000000002161        0xa C:\Users\isisk\.platformio\260602-093213-zephyr-blink\.pio\build\frdm_kl25z\zephyr/drivers/timer/libdrivers__timer.a(sys_clock_init.c.o)
 .rodata.z_cstart.str1.1
                0x000000000000216b        0x5 C:\Users\isisk\.platformio\260602-093213-zephyr-blink\.pio\build\frdm_kl25z\zephyr/kernel/libkernel.a(init.c.o)
 *(SORT_BY_ALIGNMENT(.gnu.linkonce.r.*))
                0x0000000000002170                . = ALIGN (0x4)
                0x0000000000002170                __rodata_region_end = .
                0x0000000000002170                . = ALIGN (_region_min_align)
                0x0000000000002170                __rom_region_end = .
                0x000000001ffff000                . = 0x1ffff000
                0x000000001ffff000                . = ALIGN (_region_min_align)
                0x000000001ffff000                _image_ram_start = .

.ramfunc        0x000000001ffff000        0x0 load address 0x0000000000002170
                0x000000001ffff000                . = ALIGN (_region_min_align)
                0x000000001ffff000                __ramfunc_start = .
 *(SORT_BY_ALIGNMENT(.ramfunc))
 *(SORT_BY_ALIGNMENT(.ramfunc.*))
                0x000000001ffff000                . = ALIGN (_region_min_align)
                0x000000001ffff000                __ramfunc_end = .
                0x0000000000000000                __ramfunc_size = (__ramfunc_end - __ramfunc_start)
                0x0000000000002170                __ramfunc_load_start = LOADADDR (.ramfunc)

datas           0x000000001ffff000       0x10 load address 0x0000000000002170
                0x000000001ffff000                __data_region_start = .
                0x000000001ffff000                __data_start = .
 *(SORT_BY_ALIGNMENT(.data))
 *(SORT_BY_ALIGNMENT(.data.*))
 .data.s_fastIrcFreq
                0x000000001ffff000        0x4 C:\Users\isisk\.platformio\260602-093213-zephyr-blink\.pio\build\frdm_kl25z\modules/hal_nxp/hal_nxp/lib_pio__modules__hal__nxp.a(fsl_clock.c.o)
 .data.s_slowIrcFreq
                0x000000001ffff004        0x4 C:\Users\isisk\.platformio\260602-093213-zephyr-blink\.pio\build\frdm_kl25z\modules/hal_nxp/hal_nxp/lib_pio__modules__hal__nxp.a(fsl_clock.c.o)
 .data.timeout_list
                0x000000001ffff008        0x8 C:\Users\isisk\.platformio\260602-093213-zephyr-blink\.pio\build\frdm_kl25z\zephyr/kernel/libkernel.a(timeout.c.o)
 *(SORT_BY_ALIGNMENT(.kernel.*))
                0x000000001ffff010                __data_end = .
                0x0000000000000010                __data_size = (__data_end - __data_start)
                0x0000000000002170                __data_load_start = LOADADDR (datas)
                0x0000000000002170                __data_region_load_start = LOADADDR (datas)

device_states   0x000000001ffff010       0x28 load address 0x0000000000002180
                0x000000001ffff010                __device_states_start = .
 *(SORT_BY_ALIGNMENT(.z_devstate))
 .z_devstate    0x000000001ffff010       0x14 C:\Users\isisk\.platformio\260602-093213-zephyr-blink\.pio\build\frdm_kl25z\zephyr/libzephyr.a(pinmux_mcux.c.o)
 .z_devstate    0x000000001ffff024        0x4 C:\Users\isisk\.platformio\260602-093213-zephyr-blink\.pio\build\frdm_kl25z\zephyr/drivers/clock_control/libdrivers__clock_control.a(clock_control_mcux_sim.c.o)
 .z_devstate    0x000000001ffff028        0xc C:\Users\isisk\.platformio\260602-093213-zephyr-blink\.pio\build\frdm_kl25z\zephyr/drivers/gpio/libdrivers__gpio.a(gpio_mcux.c.o)
 .z_devstate    0x000000001ffff034        0x4 C:\Users\isisk\.platformio\260602-093213-zephyr-blink\.pio\build\frdm_kl25z\zephyr/drivers/timer/libdrivers__timer.a(sys_clock_init.c.o)
 *(SORT_BY_ALIGNMENT(.z_devstate.*))
                0x000000001ffff038                __device_states_end = .

initshell       0x000000001ffff038        0x0 load address 0x00000000000021a8
                0x000000001ffff038                __shell_module_start = .
 *(SORT_BY_ALIGNMENT(.shell_module_*))
                0x000000001ffff038                __shell_module_end = .
                0x000000001ffff038                __shell_cmd_start = .
 *(SORT_BY_ALIGNMENT(.shell_cmd_*))
                0x000000001ffff038                __shell_cmd_end = .

log_dynamic_sections
                0x000000001ffff038        0x0 load address 0x00000000000021a8
                0x000000001ffff038                __log_dynamic_start = .
 *(SORT_BY_NAME(SORT_BY_ALIGNMENT(.log_dynamic_*)))
                0x000000001ffff038                __log_dynamic_end = .

_static_thread_data_area
                0x000000001ffff038        0x0 load address 0x00000000000021a8
                0x000000001ffff038                __static_thread_data_list_start = .
 *(SORT_BY_NAME(SORT_BY_ALIGNMENT(.__static_thread_data.static.*)))
                0x000000001ffff038                __static_thread_data_list_end = .

k_timer_area    0x000000001ffff038        0x0 load address 0x00000000000021a8
                0x000000001ffff038                _k_timer_list_start = .
 *(SORT_BY_NAME(SORT_BY_ALIGNMENT(._k_timer.static.*)))
                0x000000001ffff038                _k_timer_list_end = .

k_mem_slab_area
                0x000000001ffff038        0x0 load address 0x00000000000021a8
                0x000000001ffff038                _k_mem_slab_list_start = .
 *(SORT_BY_NAME(SORT_BY_ALIGNMENT(._k_mem_slab.static.*)))
                0x000000001ffff038                _k_mem_slab_list_end = .

k_mem_pool_area
                0x000000001ffff038        0x0 load address 0x00000000000021a8
                0x000000001ffff038                _k_mem_pool_list_start = .
 *(SORT_BY_NAME(SORT_BY_ALIGNMENT(._k_mem_pool.static.*)))
                0x000000001ffff038                _k_mem_pool_list_end = .

k_heap_area     0x000000001ffff038        0x0 load address 0x00000000000021a8
                0x000000001ffff038                _k_heap_list_start = .
 *(SORT_BY_NAME(SORT_BY_ALIGNMENT(._k_heap.static.*)))
                0x000000001ffff038                _k_heap_list_end = .

k_mutex_area    0x000000001ffff038        0x0 load address 0x00000000000021a8
                0x000000001ffff038                _k_mutex_list_start = .
 *(SORT_BY_NAME(SORT_BY_ALIGNMENT(._k_mutex.static.*)))
                0x000000001ffff038                _k_mutex_list_end = .

k_stack_area    0x000000001ffff038        0x0 load address 0x00000000000021a8
                0x000000001ffff038                _k_stack_list_start = .
 *(SORT_BY_NAME(SORT_BY_ALIGNMENT(._k_stack.static.*)))
                0x000000001ffff038                _k_stack_list_end = .

k_msgq_area     0x000000001ffff038        0x0 load address 0x00000000000021a8
                0x000000001ffff038                _k_msgq_list_start = .
 *(SORT_BY_NAME(SORT_BY_ALIGNMENT(._k_msgq.static.*)))
                0x000000001ffff038                _k_msgq_list_end = .

k_mbox_area     0x000000001ffff038        0x0 load address 0x00000000000021a8
                0x000000001ffff038                _k_mbox_list_start = .
 *(SORT_BY_NAME(SORT_BY_ALIGNMENT(._k_mbox.static.*)))
                0x000000001ffff038                _k_mbox_list_end = .

k_pipe_area     0x000000001ffff038        0x0 load address 0x00000000000021a8
                0x000000001ffff038                _k_pipe_list_start = .
 *(SORT_BY_NAME(SORT_BY_ALIGNMENT(._k_pipe.static.*)))
                0x000000001ffff038                _k_pipe_list_end = .

k_sem_area      0x000000001ffff038        0x0 load address 0x00000000000021a8
                0x000000001ffff038                _k_sem_list_start = .
 *(SORT_BY_NAME(SORT_BY_ALIGNMENT(._k_sem.static.*)))
                0x000000001ffff038                _k_sem_list_end = .

k_queue_area    0x000000001ffff038        0x0 load address 0x00000000000021a8
                0x000000001ffff038                _k_queue_list_start = .
 *(SORT_BY_NAME(SORT_BY_ALIGNMENT(._k_queue.static.*)))
                0x000000001ffff038                _k_queue_list_end = .

k_condvar_area  0x000000001ffff038        0x0 load address 0x00000000000021a8
                0x000000001ffff038                _k_condvar_list_start = .
 *(SORT_BY_NAME(SORT_BY_ALIGNMENT(._k_condvar.static.*)))
                0x000000001ffff038                _k_condvar_list_end = .

_net_buf_pool_area
                0x000000001ffff038        0x0 load address 0x00000000000021a8
                0x000000001ffff038                _net_buf_pool_list = .
 *(SORT_BY_NAME(SORT_BY_ALIGNMENT(._net_buf_pool.static.*)))
                0x000000001ffff038                __data_region_end = .

bss             0x000000001ffff038      0x159
                0x000000001ffff038                . = ALIGN (0x4)
                0x000000001ffff038                __bss_start = .
                0x000000001ffff038                __kernel_ram_start = .
 *(SORT_BY_ALIGNMENT(.bss))
 *(SORT_BY_ALIGNMENT(.bss.*))
 .bss.z_idle_threads
                0x000000001ffff038       0x70 C:\Users\isisk\.platformio\260602-093213-zephyr-blink\.pio\build\frdm_kl25z\zephyr/kernel/libkernel.a(init.c.o)
                0x000000001ffff038                z_idle_threads
 .bss.z_main_thread
                0x000000001ffff0a8       0x70 C:\Users\isisk\.platformio\260602-093213-zephyr-blink\.pio\build\frdm_kl25z\zephyr/kernel/libkernel.a(init.c.o)
                0x000000001ffff0a8                z_main_thread
 .bss.curr_tick
                0x000000001ffff118        0x8 C:\Users\isisk\.platformio\260602-093213-zephyr-blink\.pio\build\frdm_kl25z\zephyr/kernel/libkernel.a(timeout.c.o)
 .bss.gpio_mcux_port0_data
                0x000000001ffff120        0xc C:\Users\isisk\.platformio\260602-093213-zephyr-blink\.pio\build\frdm_kl25z\zephyr/drivers/gpio/libdrivers__gpio.a(gpio_mcux.c.o)
 .bss.gpio_mcux_port1_data
                0x000000001ffff12c        0xc C:\Users\isisk\.platformio\260602-093213-zephyr-blink\.pio\build\frdm_kl25z\zephyr/drivers/gpio/libdrivers__gpio.a(gpio_mcux.c.o)
 .bss.gpio_mcux_port2_data
                0x000000001ffff138        0xc C:\Users\isisk\.platformio\260602-093213-zephyr-blink\.pio\build\frdm_kl25z\zephyr/drivers/gpio/libdrivers__gpio.a(gpio_mcux.c.o)
 .bss.announced_cycles
                0x000000001ffff144        0x4 C:\Users\isisk\.platformio\260602-093213-zephyr-blink\.pio\build\frdm_kl25z\zephyr/drivers/timer/libdrivers__timer.a(cortex_m_systick.c.o)
 .bss.cycle_count
                0x000000001ffff148        0x4 C:\Users\isisk\.platformio\260602-093213-zephyr-blink\.pio\build\frdm_kl25z\zephyr/drivers/timer/libdrivers__timer.a(cortex_m_systick.c.o)
 .bss.last_load
                0x000000001ffff14c        0x4 C:\Users\isisk\.platformio\260602-093213-zephyr-blink\.pio\build\frdm_kl25z\zephyr/drivers/timer/libdrivers__timer.a(cortex_m_systick.c.o)
 .bss.overflow_cyc
                0x000000001ffff150        0x4 C:\Users\isisk\.platformio\260602-093213-zephyr-blink\.pio\build\frdm_kl25z\zephyr/drivers/timer/libdrivers__timer.a(cortex_m_systick.c.o)
 .bss.g_xtal0Freq
                0x000000001ffff154        0x4 C:\Users\isisk\.platformio\260602-093213-zephyr-blink\.pio\build\frdm_kl25z\modules/hal_nxp/hal_nxp/lib_pio__modules__hal__nxp.a(fsl_clock.c.o)
                0x000000001ffff154                g_xtal0Freq
 .bss.g_xtal32Freq
                0x000000001ffff158        0x4 C:\Users\isisk\.platformio\260602-093213-zephyr-blink\.pio\build\frdm_kl25z\modules/hal_nxp/hal_nxp/lib_pio__modules__hal__nxp.a(fsl_clock.c.o)
                0x000000001ffff158                g_xtal32Freq
 .bss._kernel   0x000000001ffff15c       0x24 C:\Users\isisk\.platformio\260602-093213-zephyr-blink\.pio\build\frdm_kl25z\zephyr/kernel/libkernel.a(init.c.o)
                0x000000001ffff15c                _kernel
 .bss.pending_current
                0x000000001ffff180        0x4 C:\Users\isisk\.platformio\260602-093213-zephyr-blink\.pio\build\frdm_kl25z\zephyr/kernel/libkernel.a(sched.c.o)
 .bss.slice_max_prio
                0x000000001ffff184        0x4 C:\Users\isisk\.platformio\260602-093213-zephyr-blink\.pio\build\frdm_kl25z\zephyr/kernel/libkernel.a(sched.c.o)
 .bss.slice_time
                0x000000001ffff188        0x4 C:\Users\isisk\.platformio\260602-093213-zephyr-blink\.pio\build\frdm_kl25z\zephyr/kernel/libkernel.a(sched.c.o)
 .bss.announce_remaining
                0x000000001ffff18c        0x4 C:\Users\isisk\.platformio\260602-093213-zephyr-blink\.pio\build\frdm_kl25z\zephyr/kernel/libkernel.a(timeout.c.o)
 .bss.z_sys_post_kernel
                0x000000001ffff190        0x1 C:\Users\isisk\.platformio\260602-093213-zephyr-blink\.pio\build\frdm_kl25z\zephyr/kernel/libkernel.a(init.c.o)
                0x000000001ffff190                z_sys_post_kernel
 .bss.sched_spinlock
                0x000000001ffff191        0x0 C:\Users\isisk\.platformio\260602-093213-zephyr-blink\.pio\build\frdm_kl25z\zephyr/kernel/libkernel.a(sched.c.o)
                0x000000001ffff191                sched_spinlock
 *(SORT_BY_ALIGNMENT(COMMON))
 *(SORT_BY_ALIGNMENT(.kernel_bss.*))
                0x000000001ffff194                __bss_end = ALIGN (0x4)

noinit          0x000000001ffff198      0xd00
 *(SORT_BY_ALIGNMENT(.noinit))
 *(SORT_BY_ALIGNMENT(.noinit.*))
 .noinit."ZEPHYR_BASE\\kernel\\init.c".1
                0x000000001ffff198      0x400 C:\Users\isisk\.platformio\260602-093213-zephyr-blink\.pio\build\frdm_kl25z\zephyr/kernel/libkernel.a(init.c.o)
                0x000000001ffff198                z_main_stack
 .noinit."ZEPHYR_BASE\\kernel\\init.c".2
                0x000000001ffff598      0x100 C:\Users\isisk\.platformio\260602-093213-zephyr-blink\.pio\build\frdm_kl25z\zephyr/kernel/libkernel.a(init.c.o)
 .noinit."ZEPHYR_BASE\\kernel\\init.c".3
                0x000000001ffff698      0x800 C:\Users\isisk\.platformio\260602-093213-zephyr-blink\.pio\build\frdm_kl25z\zephyr/kernel/libkernel.a(init.c.o)
                0x000000001ffff698                z_interrupt_stacks
 *(SORT_BY_ALIGNMENT(.kernel_noinit.*))
                0x000000001ffffe98                _image_ram_end = .
                0x000000001ffffe98                _end = .
                0x0000000020003000                __kernel_ram_end = 0x20003000
                0x0000000000003fc8                __kernel_ram_size = (__kernel_ram_end - __kernel_ram_start)

.stab
 *(SORT_BY_ALIGNMENT(.stab))

.stabstr
 *(SORT_BY_ALIGNMENT(.stabstr))

.stab.excl
 *(SORT_BY_ALIGNMENT(.stab.excl))

.stab.exclstr
 *(SORT_BY_ALIGNMENT(.stab.exclstr))

.stab.index
 *(SORT_BY_ALIGNMENT(.stab.index))

.stab.indexstr
 *(SORT_BY_ALIGNMENT(.stab.indexstr))

.gnu.build.attributes
 *(SORT_BY_ALIGNMENT(.gnu.build.attributes) SORT_BY_ALIGNMENT(.gnu.build.attributes.*))

.comment        0x0000000000000000       0x68
 *(SORT_BY_ALIGNMENT(.comment))
 .comment       0x0000000000000000       0x68 .pio\build\frdm_kl25z\src\main.o
                                         0x69 (size before relaxing)
 .comment       0x0000000000000068       0x69 .pio\build\frdm_kl25z\zephyr_final\zephyr\isr_tables.c.o
 .comment       0x0000000000000068       0x69 .pio\build\frdm_kl25z\zephyr_final\zephyr\dev_handles.c.o
 .comment       0x0000000000000068       0x69 C:\Users\isisk\.platformio\260602-093213-zephyr-blink\.pio\build\frdm_kl25z\zephyr/libzephyr.a(thread_entry.c.o)
 .comment       0x0000000000000068       0x69 C:\Users\isisk\.platformio\260602-093213-zephyr-blink\.pio\build\frdm_kl25z\zephyr/libzephyr.a(configs.c.o)
 .comment       0x0000000000000068       0x69 C:\Users\isisk\.platformio\260602-093213-zephyr-blink\.pio\build\frdm_kl25z\zephyr/libzephyr.a(flash_configuration.c.o)
 .comment       0x0000000000000068       0x69 C:\Users\isisk\.platformio\260602-093213-zephyr-blink\.pio\build\frdm_kl25z\zephyr/libzephyr.a(soc.c.o)
 .comment       0x0000000000000068       0x69 C:\Users\isisk\.platformio\260602-093213-zephyr-blink\.pio\build\frdm_kl25z\zephyr/libzephyr.a(pinmux_mcux.c.o)
 .comment       0x0000000000000068       0x69 C:\Users\isisk\.platformio\260602-093213-zephyr-blink\.pio\build\frdm_kl25z\zephyr/arch/arch/arm/core/aarch32/libarch__arm__core__aarch32.a(fatal.c.o)
 .comment       0x0000000000000068       0x69 C:\Users\isisk\.platformio\260602-093213-zephyr-blink\.pio\build\frdm_kl25z\zephyr/arch/arch/arm/core/aarch32/libarch__arm__core__aarch32.a(irq_manage.c.o)
 .comment       0x0000000000000068       0x69 C:\Users\isisk\.platformio\260602-093213-zephyr-blink\.pio\build\frdm_kl25z\zephyr/arch/arch/arm/core/aarch32/libarch__arm__core__aarch32.a(nmi.c.o)
 .comment       0x0000000000000068       0x69 C:\Users\isisk\.platformio\260602-093213-zephyr-blink\.pio\build\frdm_kl25z\zephyr/arch/arch/arm/core/aarch32/libarch__arm__core__aarch32.a(prep_c.c.o)
 .comment       0x0000000000000068       0x69 C:\Users\isisk\.platformio\260602-093213-zephyr-blink\.pio\build\frdm_kl25z\zephyr/arch/arch/arm/core/aarch32/libarch__arm__core__aarch32.a(swap.c.o)
 .comment       0x0000000000000068       0x69 C:\Users\isisk\.platformio\260602-093213-zephyr-blink\.pio\build\frdm_kl25z\zephyr/arch/arch/arm/core/aarch32/libarch__arm__core__aarch32.a(thread.c.o)
 .comment       0x0000000000000068       0x69 C:\Users\isisk\.platformio\260602-093213-zephyr-blink\.pio\build\frdm_kl25z\zephyr/arch/arch/arm/core/aarch32/cortex_m/libarch__arm__core__aarch32__cortex_m.a(fault.c.o)
 .comment       0x0000000000000068       0x69 C:\Users\isisk\.platformio\260602-093213-zephyr-blink\.pio\build\frdm_kl25z\zephyr/arch/arch/arm/core/aarch32/cortex_m/libarch__arm__core__aarch32__cortex_m.a(irq_init.c.o)
 .comment       0x0000000000000068       0x69 C:\Users\isisk\.platformio\260602-093213-zephyr-blink\.pio\build\frdm_kl25z\zephyr/arch/arch/arm/core/aarch32/cortex_m/libarch__arm__core__aarch32__cortex_m.a(thread_abort.c.o)
 .comment       0x0000000000000068       0x69 C:\Users\isisk\.platformio\260602-093213-zephyr-blink\.pio\build\frdm_kl25z\zephyr/lib/libc/minimal/liblib__libc__minimal.a(string.c.o)
 .comment       0x0000000000000068       0x69 C:\Users\isisk\.platformio\260602-093213-zephyr-blink\.pio\build\frdm_kl25z\zephyr/boards/arm/frdm_kl25z/libboards__arm__frdm_kl25z.a(pinmux.c.o)
 .comment       0x0000000000000068       0x69 C:\Users\isisk\.platformio\260602-093213-zephyr-blink\.pio\build\frdm_kl25z\zephyr/drivers/clock_control/libdrivers__clock_control.a(clock_control_mcux_sim.c.o)
 .comment       0x0000000000000068       0x69 C:\Users\isisk\.platformio\260602-093213-zephyr-blink\.pio\build\frdm_kl25z\zephyr/drivers/gpio/libdrivers__gpio.a(gpio_mcux.c.o)
 .comment       0x0000000000000068       0x69 C:\Users\isisk\.platformio\260602-093213-zephyr-blink\.pio\build\frdm_kl25z\zephyr/drivers/timer/libdrivers__timer.a(sys_clock_init.c.o)
 .comment       0x0000000000000068       0x69 C:\Users\isisk\.platformio\260602-093213-zephyr-blink\.pio\build\frdm_kl25z\zephyr/drivers/timer/libdrivers__timer.a(cortex_m_systick.c.o)
 .comment       0x0000000000000068       0x69 C:\Users\isisk\.platformio\260602-093213-zephyr-blink\.pio\build\frdm_kl25z\modules/hal_nxp/hal_nxp/lib_pio__modules__hal__nxp.a(fsl_clock.c.o)
 .comment       0x0000000000000068       0x69 C:\Users\isisk\.platformio\260602-093213-zephyr-blink\.pio\build\frdm_kl25z\zephyr\liboffsets.a(offsets.c.o)
 .comment       0x0000000000000068       0x69 C:\Users\isisk\.platformio\260602-093213-zephyr-blink\.pio\build\frdm_kl25z\zephyr/kernel/libkernel.a(errno.c.o)
 .comment       0x0000000000000068       0x69 C:\Users\isisk\.platformio\260602-093213-zephyr-blink\.pio\build\frdm_kl25z\zephyr/kernel/libkernel.a(fatal.c.o)
 .comment       0x0000000000000068       0x69 C:\Users\isisk\.platformio\260602-093213-zephyr-blink\.pio\build\frdm_kl25z\zephyr/kernel/libkernel.a(init.c.o)
 .comment       0x0000000000000068       0x69 C:\Users\isisk\.platformio\260602-093213-zephyr-blink\.pio\build\frdm_kl25z\zephyr/kernel/libkernel.a(thread.c.o)
 .comment       0x0000000000000068       0x69 C:\Users\isisk\.platformio\260602-093213-zephyr-blink\.pio\build\frdm_kl25z\zephyr/kernel/libkernel.a(idle.c.o)
 .comment       0x0000000000000068       0x69 C:\Users\isisk\.platformio\260602-093213-zephyr-blink\.pio\build\frdm_kl25z\zephyr/kernel/libkernel.a(sched.c.o)
 .comment       0x0000000000000068       0x69 C:\Users\isisk\.platformio\260602-093213-zephyr-blink\.pio\build\frdm_kl25z\zephyr/kernel/libkernel.a(xip.c.o)
 .comment       0x0000000000000068       0x69 C:\Users\isisk\.platformio\260602-093213-zephyr-blink\.pio\build\frdm_kl25z\zephyr/kernel/libkernel.a(timeout.c.o)
 .comment       0x0000000000000068       0x69 C:\Users\isisk\.platformio\260602-093213-zephyr-blink\.pio\build\frdm_kl25z\zephyr/kernel/libkernel.a(banner.c.o)
 .comment       0x0000000000000068       0x69 C:\Users\isisk\.platformio\260602-093213-zephyr-blink\.pio\build\frdm_kl25z\zephyr/kernel/libkernel.a(device.c.o)

.debug
 *(SORT_BY_ALIGNMENT(.debug))

.line
 *(SORT_BY_ALIGNMENT(.line))

.debug_srcinfo
 *(SORT_BY_ALIGNMENT(.debug_srcinfo))

.debug_sfnames
 *(SORT_BY_ALIGNMENT(.debug_sfnames))

.debug_aranges  0x0000000000000000      0xb98
 *(SORT_BY_ALIGNMENT(.debug_aranges))
 .debug_aranges
                0x0000000000000000       0x30 C:\Users\isisk\.platformio\260602-093213-zephyr-blink\.pio\build\frdm_kl25z\zephyr/arch/arch/arm/core/aarch32/libarch__arm__core__aarch32.a(cpu_idle.S.o)
 .debug_aranges
                0x0000000000000030       0x20 C:\Users\isisk\.platformio\260602-093213-zephyr-blink\.pio\build\frdm_kl25z\zephyr/arch/arch/arm/core/aarch32/libarch__arm__core__aarch32.a(nmi_on_reset.S.o)
 .debug_aranges
                0x0000000000000050       0x28 C:\Users\isisk\.platformio\260602-093213-zephyr-blink\.pio\build\frdm_kl25z\zephyr/arch/arch/arm/core/aarch32/libarch__arm__core__aarch32.a(swap_helper.S.o)
 .debug_aranges
                0x0000000000000078       0x20 C:\Users\isisk\.platformio\260602-093213-zephyr-blink\.pio\build\frdm_kl25z\zephyr/arch/arch/arm/core/aarch32/libarch__arm__core__aarch32.a(isr_wrapper.S.o)
 .debug_aranges
                0x0000000000000098       0x20 C:\Users\isisk\.platformio\260602-093213-zephyr-blink\.pio\build\frdm_kl25z\zephyr/arch/arch/arm/core/aarch32/cortex_m/libarch__arm__core__aarch32__cortex_m.a(exc_exit.S.o)
 .debug_aranges
                0x00000000000000b8       0x20 C:\Users\isisk\.platformio\260602-093213-zephyr-blink\.pio\build\frdm_kl25z\zephyr/arch/arch/arm/core/aarch32/cortex_m/libarch__arm__core__aarch32__cortex_m.a(fault_s.S.o)
 .debug_aranges
                0x00000000000000d8       0x20 C:\Users\isisk\.platformio\260602-093213-zephyr-blink\.pio\build\frdm_kl25z\zephyr/arch/arch/arm/core/aarch32/cortex_m/libarch__arm__core__aarch32__cortex_m.a(reset.S.o)
 .debug_aranges
                0x00000000000000f8       0x38 .pio\build\frdm_kl25z\src\main.o
 .debug_aranges
                0x0000000000000130       0x18 .pio\build\frdm_kl25z\zephyr_final\zephyr\isr_tables.c.o
 .debug_aranges
                0x0000000000000148       0x18 .pio\build\frdm_kl25z\zephyr_final\zephyr\dev_handles.c.o
 .debug_aranges
                0x0000000000000160       0x20 C:\Users\isisk\.platformio\260602-093213-zephyr-blink\.pio\build\frdm_kl25z\zephyr/libzephyr.a(thread_entry.c.o)
 .debug_aranges
                0x0000000000000180       0x20 C:\Users\isisk\.platformio\260602-093213-zephyr-blink\.pio\build\frdm_kl25z\zephyr/libzephyr.a(configs.c.o)
 .debug_aranges
                0x00000000000001a0       0x18 C:\Users\isisk\.platformio\260602-093213-zephyr-blink\.pio\build\frdm_kl25z\zephyr/libzephyr.a(flash_configuration.c.o)
 .debug_aranges
                0x00000000000001b8       0x28 C:\Users\isisk\.platformio\260602-093213-zephyr-blink\.pio\build\frdm_kl25z\zephyr/libzephyr.a(soc.c.o)
 .debug_aranges
                0x00000000000001e0       0x38 C:\Users\isisk\.platformio\260602-093213-zephyr-blink\.pio\build\frdm_kl25z\zephyr/libzephyr.a(pinmux_mcux.c.o)
 .debug_aranges
                0x0000000000000218       0x30 C:\Users\isisk\.platformio\260602-093213-zephyr-blink\.pio\build\frdm_kl25z\zephyr/arch/arch/arm/core/aarch32/libarch__arm__core__aarch32.a(fatal.c.o)
 .debug_aranges
                0x0000000000000248       0x40 C:\Users\isisk\.platformio\260602-093213-zephyr-blink\.pio\build\frdm_kl25z\zephyr/arch/arch/arm/core/aarch32/libarch__arm__core__aarch32.a(irq_manage.c.o)
 .debug_aranges
                0x0000000000000288       0x20 C:\Users\isisk\.platformio\260602-093213-zephyr-blink\.pio\build\frdm_kl25z\zephyr/arch/arch/arm/core/aarch32/libarch__arm__core__aarch32.a(nmi.c.o)
 .debug_aranges
                0x00000000000002a8       0x28 C:\Users\isisk\.platformio\260602-093213-zephyr-blink\.pio\build\frdm_kl25z\zephyr/arch/arch/arm/core/aarch32/libarch__arm__core__aarch32.a(prep_c.c.o)
 .debug_aranges
                0x00000000000002d0       0x20 C:\Users\isisk\.platformio\260602-093213-zephyr-blink\.pio\build\frdm_kl25z\zephyr/arch/arch/arm/core/aarch32/libarch__arm__core__aarch32.a(swap.c.o)
 .debug_aranges
                0x00000000000002f0       0x28 C:\Users\isisk\.platformio\260602-093213-zephyr-blink\.pio\build\frdm_kl25z\zephyr/arch/arch/arm/core/aarch32/libarch__arm__core__aarch32.a(thread.c.o)
 .debug_aranges
                0x0000000000000318       0x28 C:\Users\isisk\.platformio\260602-093213-zephyr-blink\.pio\build\frdm_kl25z\zephyr/arch/arch/arm/core/aarch32/cortex_m/libarch__arm__core__aarch32__cortex_m.a(fault.c.o)
 .debug_aranges
                0x0000000000000340       0x20 C:\Users\isisk\.platformio\260602-093213-zephyr-blink\.pio\build\frdm_kl25z\zephyr/arch/arch/arm/core/aarch32/cortex_m/libarch__arm__core__aarch32__cortex_m.a(irq_init.c.o)
 .debug_aranges
                0x0000000000000360       0x20 C:\Users\isisk\.platformio\260602-093213-zephyr-blink\.pio\build\frdm_kl25z\zephyr/arch/arch/arm/core/aarch32/cortex_m/libarch__arm__core__aarch32__cortex_m.a(thread_abort.c.o)
 .debug_aranges
                0x0000000000000380       0x98 C:\Users\isisk\.platformio\260602-093213-zephyr-blink\.pio\build\frdm_kl25z\zephyr/lib/libc/minimal/liblib__libc__minimal.a(string.c.o)
 .debug_aranges
                0x0000000000000418       0x20 C:\Users\isisk\.platformio\260602-093213-zephyr-blink\.pio\build\frdm_kl25z\zephyr/boards/arm/frdm_kl25z/libboards__arm__frdm_kl25z.a(pinmux.c.o)
 .debug_aranges
                0x0000000000000438       0x38 C:\Users\isisk\.platformio\260602-093213-zephyr-blink\.pio\build\frdm_kl25z\zephyr/drivers/clock_control/libdrivers__clock_control.a(clock_control_mcux_sim.c.o)
 .debug_aranges
                0x0000000000000470       0x78 C:\Users\isisk\.platformio\260602-093213-zephyr-blink\.pio\build\frdm_kl25z\zephyr/drivers/gpio/libdrivers__gpio.a(gpio_mcux.c.o)
 .debug_aranges
                0x00000000000004e8       0x40 C:\Users\isisk\.platformio\260602-093213-zephyr-blink\.pio\build\frdm_kl25z\zephyr/drivers/timer/libdrivers__timer.a(sys_clock_init.c.o)
 .debug_aranges
                0x0000000000000528       0x58 C:\Users\isisk\.platformio\260602-093213-zephyr-blink\.pio\build\frdm_kl25z\zephyr/drivers/timer/libdrivers__timer.a(cortex_m_systick.c.o)
 .debug_aranges
                0x0000000000000580      0x170 C:\Users\isisk\.platformio\260602-093213-zephyr-blink\.pio\build\frdm_kl25z\modules/hal_nxp/hal_nxp/lib_pio__modules__hal__nxp.a(fsl_clock.c.o)
 .debug_aranges
                0x00000000000006f0       0x20 C:\Users\isisk\.platformio\260602-093213-zephyr-blink\.pio\build\frdm_kl25z\zephyr\liboffsets.a(offsets.c.o)
 .debug_aranges
                0x0000000000000710       0x20 C:\Users\isisk\.platformio\260602-093213-zephyr-blink\.pio\build\frdm_kl25z\zephyr/kernel/libkernel.a(errno.c.o)
 .debug_aranges
                0x0000000000000730       0x58 C:\Users\isisk\.platformio\260602-093213-zephyr-blink\.pio\build\frdm_kl25z\zephyr/kernel/libkernel.a(fatal.c.o)
 .debug_aranges
                0x0000000000000788       0x40 C:\Users\isisk\.platformio\260602-093213-zephyr-blink\.pio\build\frdm_kl25z\zephyr/kernel/libkernel.a(init.c.o)
 .debug_aranges
                0x00000000000007c8       0xa0 C:\Users\isisk\.platformio\260602-093213-zephyr-blink\.pio\build\frdm_kl25z\zephyr/kernel/libkernel.a(thread.c.o)
 .debug_aranges
                0x0000000000000868       0x28 C:\Users\isisk\.platformio\260602-093213-zephyr-blink\.pio\build\frdm_kl25z\zephyr/kernel/libkernel.a(idle.c.o)
 .debug_aranges
                0x0000000000000890      0x1e8 C:\Users\isisk\.platformio\260602-093213-zephyr-blink\.pio\build\frdm_kl25z\zephyr/kernel/libkernel.a(sched.c.o)
 .debug_aranges
                0x0000000000000a78       0x20 C:\Users\isisk\.platformio\260602-093213-zephyr-blink\.pio\build\frdm_kl25z\zephyr/kernel/libkernel.a(xip.c.o)
 .debug_aranges
                0x0000000000000a98       0x98 C:\Users\isisk\.platformio\260602-093213-zephyr-blink\.pio\build\frdm_kl25z\zephyr/kernel/libkernel.a(timeout.c.o)
 .debug_aranges
                0x0000000000000b30       0x20 C:\Users\isisk\.platformio\260602-093213-zephyr-blink\.pio\build\frdm_kl25z\zephyr/kernel/libkernel.a(banner.c.o)
 .debug_aranges
                0x0000000000000b50       0x48 C:\Users\isisk\.platformio\260602-093213-zephyr-blink\.pio\build\frdm_kl25z\zephyr/kernel/libkernel.a(device.c.o)

.debug_pubnames
 *(SORT_BY_ALIGNMENT(.debug_pubnames))

.debug_info     0x0000000000000000    0x31563
 *(SORT_BY_ALIGNMENT(.debug_info) SORT_BY_ALIGNMENT(.gnu.linkonce.wi.*))
 .debug_info    0x0000000000000000      0x5e9 .pio\build\frdm_kl25z\src\main.o
 .debug_info    0x00000000000005e9      0x122 .pio\build\frdm_kl25z\zephyr_final\zephyr\isr_tables.c.o
 .debug_info    0x000000000000070b     0x156c .pio\build\frdm_kl25z\zephyr_final\zephyr\dev_handles.c.o
 .debug_info    0x0000000000001c77      0x7d5 C:\Users\isisk\.platformio\260602-093213-zephyr-blink\.pio\build\frdm_kl25z\zephyr/libzephyr.a(thread_entry.c.o)
 .debug_info    0x000000000000244c       0x38 C:\Users\isisk\.platformio\260602-093213-zephyr-blink\.pio\build\frdm_kl25z\zephyr/libzephyr.a(configs.c.o)
 .debug_info    0x0000000000002484      0x6fc C:\Users\isisk\.platformio\260602-093213-zephyr-blink\.pio\build\frdm_kl25z\zephyr/libzephyr.a(flash_configuration.c.o)
 .debug_info    0x0000000000002b80     0x1df2 C:\Users\isisk\.platformio\260602-093213-zephyr-blink\.pio\build\frdm_kl25z\zephyr/libzephyr.a(soc.c.o)
 .debug_info    0x0000000000004972     0x1e31 C:\Users\isisk\.platformio\260602-093213-zephyr-blink\.pio\build\frdm_kl25z\zephyr/libzephyr.a(pinmux_mcux.c.o)
 .debug_info    0x00000000000067a3       0x22 C:\Users\isisk\.platformio\260602-093213-zephyr-blink\.pio\build\frdm_kl25z\zephyr/arch/arch/arm/core/aarch32/libarch__arm__core__aarch32.a(cpu_idle.S.o)
 .debug_info    0x00000000000067c5     0x2177 C:\Users\isisk\.platformio\260602-093213-zephyr-blink\.pio\build\frdm_kl25z\zephyr/arch/arch/arm/core/aarch32/libarch__arm__core__aarch32.a(fatal.c.o)
 .debug_info    0x000000000000893c      0xbb5 C:\Users\isisk\.platformio\260602-093213-zephyr-blink\.pio\build\frdm_kl25z\zephyr/arch/arch/arm/core/aarch32/libarch__arm__core__aarch32.a(irq_manage.c.o)
 .debug_info    0x00000000000094f1      0x6ad C:\Users\isisk\.platformio\260602-093213-zephyr-blink\.pio\build\frdm_kl25z\zephyr/arch/arch/arm/core/aarch32/libarch__arm__core__aarch32.a(nmi.c.o)
 .debug_info    0x0000000000009b9e       0x26 C:\Users\isisk\.platformio\260602-093213-zephyr-blink\.pio\build\frdm_kl25z\zephyr/arch/arch/arm/core/aarch32/libarch__arm__core__aarch32.a(nmi_on_reset.S.o)
 .debug_info    0x0000000000009bc4      0x910 C:\Users\isisk\.platformio\260602-093213-zephyr-blink\.pio\build\frdm_kl25z\zephyr/arch/arch/arm/core/aarch32/libarch__arm__core__aarch32.a(prep_c.c.o)
 .debug_info    0x000000000000a4d4      0x82a C:\Users\isisk\.platformio\260602-093213-zephyr-blink\.pio\build\frdm_kl25z\zephyr/arch/arch/arm/core/aarch32/libarch__arm__core__aarch32.a(swap.c.o)
 .debug_info    0x000000000000acfe       0x22 C:\Users\isisk\.platformio\260602-093213-zephyr-blink\.pio\build\frdm_kl25z\zephyr/arch/arch/arm/core/aarch32/libarch__arm__core__aarch32.a(swap_helper.S.o)
 .debug_info    0x000000000000ad20      0x952 C:\Users\isisk\.platformio\260602-093213-zephyr-blink\.pio\build\frdm_kl25z\zephyr/arch/arch/arm/core/aarch32/libarch__arm__core__aarch32.a(thread.c.o)
 .debug_info    0x000000000000b672       0x26 C:\Users\isisk\.platformio\260602-093213-zephyr-blink\.pio\build\frdm_kl25z\zephyr/arch/arch/arm/core/aarch32/libarch__arm__core__aarch32.a(isr_wrapper.S.o)
 .debug_info    0x000000000000b698       0x26 C:\Users\isisk\.platformio\260602-093213-zephyr-blink\.pio\build\frdm_kl25z\zephyr/arch/arch/arm/core/aarch32/cortex_m/libarch__arm__core__aarch32__cortex_m.a(exc_exit.S.o)
 .debug_info    0x000000000000b6be     0x2174 C:\Users\isisk\.platformio\260602-093213-zephyr-blink\.pio\build\frdm_kl25z\zephyr/arch/arch/arm/core/aarch32/cortex_m/libarch__arm__core__aarch32__cortex_m.a(fault.c.o)
 .debug_info    0x000000000000d832       0x26 C:\Users\isisk\.platformio\260602-093213-zephyr-blink\.pio\build\frdm_kl25z\zephyr/arch/arch/arm/core/aarch32/cortex_m/libarch__arm__core__aarch32__cortex_m.a(fault_s.S.o)
 .debug_info    0x000000000000d858      0x440 C:\Users\isisk\.platformio\260602-093213-zephyr-blink\.pio\build\frdm_kl25z\zephyr/arch/arch/arm/core/aarch32/cortex_m/libarch__arm__core__aarch32__cortex_m.a(irq_init.c.o)
 .debug_info    0x000000000000dc98       0x26 C:\Users\isisk\.platformio\260602-093213-zephyr-blink\.pio\build\frdm_kl25z\zephyr/arch/arch/arm/core/aarch32/cortex_m/libarch__arm__core__aarch32__cortex_m.a(reset.S.o)
 .debug_info    0x000000000000dcbe      0x87a C:\Users\isisk\.platformio\260602-093213-zephyr-blink\.pio\build\frdm_kl25z\zephyr/arch/arch/arm/core/aarch32/cortex_m/libarch__arm__core__aarch32__cortex_m.a(thread_abort.c.o)
 .debug_info    0x000000000000e538      0x717 C:\Users\isisk\.platformio\260602-093213-zephyr-blink\.pio\build\frdm_kl25z\zephyr/lib/libc/minimal/liblib__libc__minimal.a(string.c.o)
 .debug_info    0x000000000000ec4f     0x17e3 C:\Users\isisk\.platformio\260602-093213-zephyr-blink\.pio\build\frdm_kl25z\zephyr/boards/arm/frdm_kl25z/libboards__arm__frdm_kl25z.a(pinmux.c.o)
 .debug_info    0x0000000000010432     0x1aa3 C:\Users\isisk\.platformio\260602-093213-zephyr-blink\.pio\build\frdm_kl25z\zephyr/drivers/clock_control/libdrivers__clock_control.a(clock_control_mcux_sim.c.o)
 .debug_info    0x0000000000011ed5     0x2a53 C:\Users\isisk\.platformio\260602-093213-zephyr-blink\.pio\build\frdm_kl25z\zephyr/drivers/gpio/libdrivers__gpio.a(gpio_mcux.c.o)
 .debug_info    0x0000000000014928     0x162a C:\Users\isisk\.platformio\260602-093213-zephyr-blink\.pio\build\frdm_kl25z\zephyr/drivers/timer/libdrivers__timer.a(sys_clock_init.c.o)
 .debug_info    0x0000000000015f52     0x2009 C:\Users\isisk\.platformio\260602-093213-zephyr-blink\.pio\build\frdm_kl25z\zephyr/drivers/timer/libdrivers__timer.a(cortex_m_systick.c.o)
 .debug_info    0x0000000000017f5b     0x21cd C:\Users\isisk\.platformio\260602-093213-zephyr-blink\.pio\build\frdm_kl25z\modules/hal_nxp/hal_nxp/lib_pio__modules__hal__nxp.a(fsl_clock.c.o)
 .debug_info    0x000000000001a128     0x1461 C:\Users\isisk\.platformio\260602-093213-zephyr-blink\.pio\build\frdm_kl25z\zephyr\liboffsets.a(offsets.c.o)
 .debug_info    0x000000000001b589      0x715 C:\Users\isisk\.platformio\260602-093213-zephyr-blink\.pio\build\frdm_kl25z\zephyr/kernel/libkernel.a(errno.c.o)
 .debug_info    0x000000000001bc9e     0x2774 C:\Users\isisk\.platformio\260602-093213-zephyr-blink\.pio\build\frdm_kl25z\zephyr/kernel/libkernel.a(fatal.c.o)
 .debug_info    0x000000000001e412     0x27a7 C:\Users\isisk\.platformio\260602-093213-zephyr-blink\.pio\build\frdm_kl25z\zephyr/kernel/libkernel.a(init.c.o)
 .debug_info    0x0000000000020bb9     0x22c6 C:\Users\isisk\.platformio\260602-093213-zephyr-blink\.pio\build\frdm_kl25z\zephyr/kernel/libkernel.a(thread.c.o)
 .debug_info    0x0000000000022e7f     0x1680 C:\Users\isisk\.platformio\260602-093213-zephyr-blink\.pio\build\frdm_kl25z\zephyr/kernel/libkernel.a(idle.c.o)
 .debug_info    0x00000000000244ff     0x6e51 C:\Users\isisk\.platformio\260602-093213-zephyr-blink\.pio\build\frdm_kl25z\zephyr/kernel/libkernel.a(sched.c.o)
 .debug_info    0x000000000002b350      0x840 C:\Users\isisk\.platformio\260602-093213-zephyr-blink\.pio\build\frdm_kl25z\zephyr/kernel/libkernel.a(xip.c.o)
 .debug_info    0x000000000002bb90     0x2ccd C:\Users\isisk\.platformio\260602-093213-zephyr-blink\.pio\build\frdm_kl25z\zephyr/kernel/libkernel.a(timeout.c.o)
 .debug_info    0x000000000002e85d     0x1429 C:\Users\isisk\.platformio\260602-093213-zephyr-blink\.pio\build\frdm_kl25z\zephyr/kernel/libkernel.a(banner.c.o)
 .debug_info    0x000000000002fc86     0x18dd C:\Users\isisk\.platformio\260602-093213-zephyr-blink\.pio\build\frdm_kl25z\zephyr/kernel/libkernel.a(device.c.o)

.debug_abbrev   0x0000000000000000     0x6458
 *(SORT_BY_ALIGNMENT(.debug_abbrev))
 .debug_abbrev  0x0000000000000000      0x17c .pio\build\frdm_kl25z\src\main.o
 .debug_abbrev  0x000000000000017c       0xd0 .pio\build\frdm_kl25z\zephyr_final\zephyr\isr_tables.c.o
 .debug_abbrev  0x000000000000024c      0x1a4 .pio\build\frdm_kl25z\zephyr_final\zephyr\dev_handles.c.o
 .debug_abbrev  0x00000000000003f0      0x269 C:\Users\isisk\.platformio\260602-093213-zephyr-blink\.pio\build\frdm_kl25z\zephyr/libzephyr.a(thread_entry.c.o)
 .debug_abbrev  0x0000000000000659       0x2e C:\Users\isisk\.platformio\260602-093213-zephyr-blink\.pio\build\frdm_kl25z\zephyr/libzephyr.a(configs.c.o)
 .debug_abbrev  0x0000000000000687      0x172 C:\Users\isisk\.platformio\260602-093213-zephyr-blink\.pio\build\frdm_kl25z\zephyr/libzephyr.a(flash_configuration.c.o)
 .debug_abbrev  0x00000000000007f9      0x3bc C:\Users\isisk\.platformio\260602-093213-zephyr-blink\.pio\build\frdm_kl25z\zephyr/libzephyr.a(soc.c.o)
 .debug_abbrev  0x0000000000000bb5      0x339 C:\Users\isisk\.platformio\260602-093213-zephyr-blink\.pio\build\frdm_kl25z\zephyr/libzephyr.a(pinmux_mcux.c.o)
 .debug_abbrev  0x0000000000000eee       0x12 C:\Users\isisk\.platformio\260602-093213-zephyr-blink\.pio\build\frdm_kl25z\zephyr/arch/arch/arm/core/aarch32/libarch__arm__core__aarch32.a(cpu_idle.S.o)
 .debug_abbrev  0x0000000000000f00      0x38b C:\Users\isisk\.platformio\260602-093213-zephyr-blink\.pio\build\frdm_kl25z\zephyr/arch/arch/arm/core/aarch32/libarch__arm__core__aarch32.a(fatal.c.o)
 .debug_abbrev  0x000000000000128b      0x2e5 C:\Users\isisk\.platformio\260602-093213-zephyr-blink\.pio\build\frdm_kl25z\zephyr/arch/arch/arm/core/aarch32/libarch__arm__core__aarch32.a(irq_manage.c.o)
 .debug_abbrev  0x0000000000001570      0x17f C:\Users\isisk\.platformio\260602-093213-zephyr-blink\.pio\build\frdm_kl25z\zephyr/arch/arch/arm/core/aarch32/libarch__arm__core__aarch32.a(nmi.c.o)
 .debug_abbrev  0x00000000000016ef       0x14 C:\Users\isisk\.platformio\260602-093213-zephyr-blink\.pio\build\frdm_kl25z\zephyr/arch/arch/arm/core/aarch32/libarch__arm__core__aarch32.a(nmi_on_reset.S.o)
 .debug_abbrev  0x0000000000001703      0x1b8 C:\Users\isisk\.platformio\260602-093213-zephyr-blink\.pio\build\frdm_kl25z\zephyr/arch/arch/arm/core/aarch32/libarch__arm__core__aarch32.a(prep_c.c.o)
 .debug_abbrev  0x00000000000018bb      0x215 C:\Users\isisk\.platformio\260602-093213-zephyr-blink\.pio\build\frdm_kl25z\zephyr/arch/arch/arm/core/aarch32/libarch__arm__core__aarch32.a(swap.c.o)
 .debug_abbrev  0x0000000000001ad0       0x12 C:\Users\isisk\.platformio\260602-093213-zephyr-blink\.pio\build\frdm_kl25z\zephyr/arch/arch/arm/core/aarch32/libarch__arm__core__aarch32.a(swap_helper.S.o)
 .debug_abbrev  0x0000000000001ae2      0x22b C:\Users\isisk\.platformio\260602-093213-zephyr-blink\.pio\build\frdm_kl25z\zephyr/arch/arch/arm/core/aarch32/libarch__arm__core__aarch32.a(thread.c.o)
 .debug_abbrev  0x0000000000001d0d       0x14 C:\Users\isisk\.platformio\260602-093213-zephyr-blink\.pio\build\frdm_kl25z\zephyr/arch/arch/arm/core/aarch32/libarch__arm__core__aarch32.a(isr_wrapper.S.o)
 .debug_abbrev  0x0000000000001d21       0x14 C:\Users\isisk\.platformio\260602-093213-zephyr-blink\.pio\build\frdm_kl25z\zephyr/arch/arch/arm/core/aarch32/cortex_m/libarch__arm__core__aarch32__cortex_m.a(exc_exit.S.o)
 .debug_abbrev  0x0000000000001d35      0x439 C:\Users\isisk\.platformio\260602-093213-zephyr-blink\.pio\build\frdm_kl25z\zephyr/arch/arch/arm/core/aarch32/cortex_m/libarch__arm__core__aarch32__cortex_m.a(fault.c.o)
 .debug_abbrev  0x000000000000216e       0x14 C:\Users\isisk\.platformio\260602-093213-zephyr-blink\.pio\build\frdm_kl25z\zephyr/arch/arch/arm/core/aarch32/cortex_m/libarch__arm__core__aarch32__cortex_m.a(fault_s.S.o)
 .debug_abbrev  0x0000000000002182      0x1b9 C:\Users\isisk\.platformio\260602-093213-zephyr-blink\.pio\build\frdm_kl25z\zephyr/arch/arch/arm/core/aarch32/cortex_m/libarch__arm__core__aarch32__cortex_m.a(irq_init.c.o)
 .debug_abbrev  0x000000000000233b       0x14 C:\Users\isisk\.platformio\260602-093213-zephyr-blink\.pio\build\frdm_kl25z\zephyr/arch/arch/arm/core/aarch32/cortex_m/libarch__arm__core__aarch32__cortex_m.a(reset.S.o)
 .debug_abbrev  0x000000000000234f      0x267 C:\Users\isisk\.platformio\260602-093213-zephyr-blink\.pio\build\frdm_kl25z\zephyr/arch/arch/arm/core/aarch32/cortex_m/libarch__arm__core__aarch32__cortex_m.a(thread_abort.c.o)
 .debug_abbrev  0x00000000000025b6      0x182 C:\Users\isisk\.platformio\260602-093213-zephyr-blink\.pio\build\frdm_kl25z\zephyr/lib/libc/minimal/liblib__libc__minimal.a(string.c.o)
 .debug_abbrev  0x0000000000002738      0x203 C:\Users\isisk\.platformio\260602-093213-zephyr-blink\.pio\build\frdm_kl25z\zephyr/boards/arm/frdm_kl25z/libboards__arm__frdm_kl25z.a(pinmux.c.o)
 .debug_abbrev  0x000000000000293b      0x2f2 C:\Users\isisk\.platformio\260602-093213-zephyr-blink\.pio\build\frdm_kl25z\zephyr/drivers/clock_control/libdrivers__clock_control.a(clock_control_mcux_sim.c.o)
 .debug_abbrev  0x0000000000002c2d      0x49d C:\Users\isisk\.platformio\260602-093213-zephyr-blink\.pio\build\frdm_kl25z\zephyr/drivers/gpio/libdrivers__gpio.a(gpio_mcux.c.o)
 .debug_abbrev  0x00000000000030ca      0x284 C:\Users\isisk\.platformio\260602-093213-zephyr-blink\.pio\build\frdm_kl25z\zephyr/drivers/timer/libdrivers__timer.a(sys_clock_init.c.o)
 .debug_abbrev  0x000000000000334e      0x473 C:\Users\isisk\.platformio\260602-093213-zephyr-blink\.pio\build\frdm_kl25z\zephyr/drivers/timer/libdrivers__timer.a(cortex_m_systick.c.o)
 .debug_abbrev  0x00000000000037c1      0x4c8 C:\Users\isisk\.platformio\260602-093213-zephyr-blink\.pio\build\frdm_kl25z\modules/hal_nxp/hal_nxp/lib_pio__modules__hal__nxp.a(fsl_clock.c.o)
 .debug_abbrev  0x0000000000003c89      0x1ad C:\Users\isisk\.platformio\260602-093213-zephyr-blink\.pio\build\frdm_kl25z\zephyr\liboffsets.a(offsets.c.o)
 .debug_abbrev  0x0000000000003e36      0x199 C:\Users\isisk\.platformio\260602-093213-zephyr-blink\.pio\build\frdm_kl25z\zephyr/kernel/libkernel.a(errno.c.o)
 .debug_abbrev  0x0000000000003fcf      0x4b5 C:\Users\isisk\.platformio\260602-093213-zephyr-blink\.pio\build\frdm_kl25z\zephyr/kernel/libkernel.a(fatal.c.o)
 .debug_abbrev  0x0000000000004484      0x54c C:\Users\isisk\.platformio\260602-093213-zephyr-blink\.pio\build\frdm_kl25z\zephyr/kernel/libkernel.a(init.c.o)
 .debug_abbrev  0x00000000000049d0      0x5a0 C:\Users\isisk\.platformio\260602-093213-zephyr-blink\.pio\build\frdm_kl25z\zephyr/kernel/libkernel.a(thread.c.o)
 .debug_abbrev  0x0000000000004f70      0x265 C:\Users\isisk\.platformio\260602-093213-zephyr-blink\.pio\build\frdm_kl25z\zephyr/kernel/libkernel.a(idle.c.o)
 .debug_abbrev  0x00000000000051d5      0x6b0 C:\Users\isisk\.platformio\260602-093213-zephyr-blink\.pio\build\frdm_kl25z\zephyr/kernel/libkernel.a(sched.c.o)
 .debug_abbrev  0x0000000000005885      0x17f C:\Users\isisk\.platformio\260602-093213-zephyr-blink\.pio\build\frdm_kl25z\zephyr/kernel/libkernel.a(xip.c.o)